../Core/Src/main.c:357:5:main	16	static
../Core/Src/main.c:467:6:SystemClock_Config	88	static
../Core/Src/main.c:511:6:HAL_ADC_ConvCpltCallback	24	static
../Core/Src/main.c:587:6:HAL_TIM_PWM_PulseFinishedCallback	16	static
../Core/Src/main.c:600:6:HAL_TIM_PeriodElapsedCallback	16	static
../Core/Src/main.c:633:6:TIMers_Init	8	static
../Core/Src/main.c:692:6:TIMers_Update	4	static
../Core/Src/main.c:724:6:PID_REG_IRON	8	static
../Core/Src/main.c:769:6:PID_REG_HOTAIR	8	static
../Core/Src/main.c:814:6:ADC_Work	24	static
../Core/Src/main.c:870:6:Check_Protection	8	static
../Core/Src/main.c:913:6:Check_Sleep	4	static
../Core/Src/main.c:1027:6:Check_Tools_Change	8	static
../Core/Src/main.c:1048:6:ST7735_Update	24	static
../Core/Src/main.c:1141:6:ST7735_prepareFrame	16	static
../Core/Src/main.c:1158:6:ST7735_prepareBotMenu_v0	32	static
../Core/Src/main.c:1171:6:ST7735_prepareBotMenu_v1	32	static
../Core/Src/main.c:1184:6:ST7735_prepareBotMenu_v2	32	static
../Core/Src/main.c:1200:6:ST7735_prepareMenu_0	24	static
../Core/Src/main.c:1232:6:ST7735_prepareMenu_1	32	static
../Core/Src/main.c:1263:6:ST7735_prepareMenu_3	40	static
../Core/Src/main.c:1281:6:ST7735_prepareMenu_5	24	static
../Core/Src/main.c:1310:6:ST7735_showMenu_0	24	static
../Core/Src/main.c:1415:6:ST7735_showMenu_1	32	static
../Core/Src/main.c:1576:6:ST7735_showMenu_2_p1	24	static
../Core/Src/main.c:1600:6:ST7735_showMenu_2_p2	40	static
../Core/Src/main.c:1707:6:ST7735_showMenu_2_p3	32	static
../Core/Src/main.c:1800:6:ST7735_showMenu_3	48	static
../Core/Src/main.c:1844:6:ST7735_showMenu_5_p1	32	static
../Core/Src/main.c:1884:6:ST7735_showMenu_5_p2	48	static
../Core/Src/main.c:2005:6:ST7735_showBar	40	static
../Core/Src/main.c:2025:6:EEPROM_Init	8	static
../Core/Src/main.c:2035:6:EEPROM_Show	4184	static
../Core/Src/main.c:2087:6:EEPROM_Read_All	40	static
../Core/Src/main.c:2188:6:EEPROM_Write_All	24	static
../Core/Src/main.c:2236:6:EEPROM_RESET	24	static
../Core/Src/main.c:2248:6:Button_React	16	static
../Core/Src/main.c:2810:6:encoder_uploader	24	static
../Core/Src/main.c:2827:7:get_K	24	static
../Core/Src/main.c:2834:10:approximateT	16	static
../Core/Src/main.c:2841:7:get_NTC_T	24	static
../Core/Src/main.c:2871:6:Error_Handler	4	static,ignoring_inline_asm
