Archive member included to satisfy reference by file (symbol)

C:/Program Files/STMicroelectronics/STM32CubeIDE/STM32CubeIDE/plugins/com.st.stm32cube.ide.mcu.externaltools.gnu-tools-for-stm32.13.3.rel1.win32_1.0.100.202509120712/tools/bin/../lib/gcc/arm-none-eabi/13.3.1/../../../../arm-none-eabi/lib/thumb/v7e-m+fp/hard\libc_nano.a(libc_a-exit.o)
                              C:/Program Files/STMicroelectronics/STM32CubeIDE/STM32CubeIDE/plugins/com.st.stm32cube.ide.mcu.externaltools.gnu-tools-for-stm32.13.3.rel1.win32_1.0.100.202509120712/tools/bin/../lib/gcc/arm-none-eabi/13.3.1/../../../../arm-none-eabi/lib/thumb/v7e-m+fp/hard/crt0.o (exit)
C:/Program Files/STMicroelectronics/STM32CubeIDE/STM32CubeIDE/plugins/com.st.stm32cube.ide.mcu.externaltools.gnu-tools-for-stm32.13.3.rel1.win32_1.0.100.202509120712/tools/bin/../lib/gcc/arm-none-eabi/13.3.1/../../../../arm-none-eabi/lib/thumb/v7e-m+fp/hard\libc_nano.a(libc_a-malloc.o)
                              ./Core/Inc/RingBuffer/ring_buffer.o (malloc)
C:/Program Files/STMicroelectronics/STM32CubeIDE/STM32CubeIDE/plugins/com.st.stm32cube.ide.mcu.externaltools.gnu-tools-for-stm32.13.3.rel1.win32_1.0.100.202509120712/tools/bin/../lib/gcc/arm-none-eabi/13.3.1/../../../../arm-none-eabi/lib/thumb/v7e-m+fp/hard\libc_nano.a(libc_a-mallocr.o)
                              C:/Program Files/STMicroelectronics/STM32CubeIDE/STM32CubeIDE/plugins/com.st.stm32cube.ide.mcu.externaltools.gnu-tools-for-stm32.13.3.rel1.win32_1.0.100.202509120712/tools/bin/../lib/gcc/arm-none-eabi/13.3.1/../../../../arm-none-eabi/lib/thumb/v7e-m+fp/hard\libc_nano.a(libc_a-malloc.o) (_malloc_r)
C:/Program Files/STMicroelectronics/STM32CubeIDE/STM32CubeIDE/plugins/com.st.stm32cube.ide.mcu.externaltools.gnu-tools-for-stm32.13.3.rel1.win32_1.0.100.202509120712/tools/bin/../lib/gcc/arm-none-eabi/13.3.1/../../../../arm-none-eabi/lib/thumb/v7e-m+fp/hard\libc_nano.a(libc_a-mlock.o)
                              C:/Program Files/STMicroelectronics/STM32CubeIDE/STM32CubeIDE/plugins/com.st.stm32cube.ide.mcu.externaltools.gnu-tools-for-stm32.13.3.rel1.win32_1.0.100.202509120712/tools/bin/../lib/gcc/arm-none-eabi/13.3.1/../../../../arm-none-eabi/lib/thumb/v7e-m+fp/hard\libc_nano.a(libc_a-mallocr.o) (__malloc_lock)
C:/Program Files/STMicroelectronics/STM32CubeIDE/STM32CubeIDE/plugins/com.st.stm32cube.ide.mcu.externaltools.gnu-tools-for-stm32.13.3.rel1.win32_1.0.100.202509120712/tools/bin/../lib/gcc/arm-none-eabi/13.3.1/../../../../arm-none-eabi/lib/thumb/v7e-m+fp/hard\libc_nano.a(libc_a-findfp.o)
                              C:/Program Files/STMicroelectronics/STM32CubeIDE/STM32CubeIDE/plugins/com.st.stm32cube.ide.mcu.externaltools.gnu-tools-for-stm32.13.3.rel1.win32_1.0.100.202509120712/tools/bin/../lib/gcc/arm-none-eabi/13.3.1/../../../../arm-none-eabi/lib/thumb/v7e-m+fp/hard\libc_nano.a(libc_a-exit.o) (__stdio_exit_handler)
C:/Program Files/STMicroelectronics/STM32CubeIDE/STM32CubeIDE/plugins/com.st.stm32cube.ide.mcu.externaltools.gnu-tools-for-stm32.13.3.rel1.win32_1.0.100.202509120712/tools/bin/../lib/gcc/arm-none-eabi/13.3.1/../../../../arm-none-eabi/lib/thumb/v7e-m+fp/hard\libc_nano.a(libc_a-fwalk.o)
                              C:/Program Files/STMicroelectronics/STM32CubeIDE/STM32CubeIDE/plugins/com.st.stm32cube.ide.mcu.externaltools.gnu-tools-for-stm32.13.3.rel1.win32_1.0.100.202509120712/tools/bin/../lib/gcc/arm-none-eabi/13.3.1/../../../../arm-none-eabi/lib/thumb/v7e-m+fp/hard\libc_nano.a(libc_a-findfp.o) (_fwalk_sglue)
C:/Program Files/STMicroelectronics/STM32CubeIDE/STM32CubeIDE/plugins/com.st.stm32cube.ide.mcu.externaltools.gnu-tools-for-stm32.13.3.rel1.win32_1.0.100.202509120712/tools/bin/../lib/gcc/arm-none-eabi/13.3.1/../../../../arm-none-eabi/lib/thumb/v7e-m+fp/hard\libc_nano.a(libc_a-snprintf.o)
                              ./Core/Src/main.o (snprintf)
C:/Program Files/STMicroelectronics/STM32CubeIDE/STM32CubeIDE/plugins/com.st.stm32cube.ide.mcu.externaltools.gnu-tools-for-stm32.13.3.rel1.win32_1.0.100.202509120712/tools/bin/../lib/gcc/arm-none-eabi/13.3.1/../../../../arm-none-eabi/lib/thumb/v7e-m+fp/hard\libc_nano.a(libc_a-stdio.o)
                              C:/Program Files/STMicroelectronics/STM32CubeIDE/STM32CubeIDE/plugins/com.st.stm32cube.ide.mcu.externaltools.gnu-tools-for-stm32.13.3.rel1.win32_1.0.100.202509120712/tools/bin/../lib/gcc/arm-none-eabi/13.3.1/../../../../arm-none-eabi/lib/thumb/v7e-m+fp/hard\libc_nano.a(libc_a-findfp.o) (__sread)
C:/Program Files/STMicroelectronics/STM32CubeIDE/STM32CubeIDE/plugins/com.st.stm32cube.ide.mcu.externaltools.gnu-tools-for-stm32.13.3.rel1.win32_1.0.100.202509120712/tools/bin/../lib/gcc/arm-none-eabi/13.3.1/../../../../arm-none-eabi/lib/thumb/v7e-m+fp/hard\libc_nano.a(libc_a-memset.o)
[...]
Memory Configuration

Name             Origin             Length             Attributes
RAM              0x20000000         0x00010000         xrw
FLASH            0x08000000         0x00040000         xr
*default*        0x00000000         0xffffffff

Linker script and memory map

LOAD C:/Program Files/STMicroelectronics/STM32CubeIDE/STM32CubeIDE/plugins/com.st.stm32cube.ide.mcu.externaltools.gnu-tools-for-stm32.13.3.rel1.win32_1.0.100.202509120712/tools/bin/../lib/gcc/arm-none-eabi/13.3.1/thumb/v7e-m+fp/hard/crti.o
LOAD C:/Program Files/STMicroelectronics/STM32CubeIDE/STM32CubeIDE/plugins/com.st.stm32cube.ide.mcu.externaltools.gnu-tools-for-stm32.13.3.rel1.win32_1.0.100.202509120712/tools/bin/../lib/gcc/arm-none-eabi/13.3.1/thumb/v7e-m+fp/hard/crtbegin.o
LOAD C:/Program Files/STMicroelectronics/STM32CubeIDE/STM32CubeIDE/plugins/com.st.stm32cube.ide.mcu.externaltools.gnu-tools-for-stm32.13.3.rel1.win32_1.0.100.202509120712/tools/bin/../lib/gcc/arm-none-eabi/13.3.1/../../../../arm-none-eabi/lib/thumb/v7e-m+fp/hard/crt0.o
LOAD ./Core/Inc/24CXX/ee24.o
LOAD ./Core/Inc/ADCconverter/ADCconverter.o
LOAD ./Core/Inc/BUTTONS/buttons.o
LOAD ./Core/Inc/PID/PID.o
LOAD ./Core/Inc/RingBuffer/ring_buffer.o
LOAD ./Core/Inc/st7735/fonts.o
LOAD ./Core/Inc/st7735/st7735.o
LOAD ./Core/Src/adc.o
LOAD ./Core/Src/dma.o
LOAD ./Core/Src/gpio.o
LOAD ./Core/Src/i2c.o
LOAD ./Core/Src/main.o
LOAD ./Core/Src/spi.o
LOAD ./Core/Src/stm32f4xx_hal_msp.o
LOAD ./Core/Src/stm32f4xx_it.o
LOAD ./Core/Src/syscalls.o
LOAD ./Core/Src/sysmem.o
LOAD ./Core/Src/system_stm32f4xx.o
LOAD ./Core/Src/tim.o
LOAD ./Core/Src/usart.o
LOAD ./Core/Startup/startup_stm32f401rctx.o
LOAD ./Drivers/STM32F4xx_HAL_Driver/Src/stm32f4xx_hal.o
LOAD ./Drivers/STM32F4xx_HAL_Driver/Src/stm32f4xx_hal_adc.o
LOAD ./Drivers/STM32F4xx_HAL_Driver/Src/stm32f4xx_hal_adc_ex.o
LOAD ./Drivers/STM32F4xx_HAL_Driver/Src/stm32f4xx_hal_cortex.o
LOAD ./Drivers/STM32F4xx_HAL_Driver/Src/stm32f4xx_hal_dma.o
LOAD ./Drivers/STM32F4xx_HAL_Driver/Src/stm32f4xx_hal_dma_ex.o
LOAD ./Drivers/STM32F4xx_HAL_Driver/Src/stm32f4xx_hal_exti.o
LOAD ./Drivers/STM32F4xx_HAL_Driver/Src/stm32f4xx_hal_flash.o
LOAD ./Drivers/STM32F4xx_HAL_Driver/Src/stm32f4xx_hal_flash_ex.o
LOAD ./Drivers/STM32F4xx_HAL_Driver/Src/stm32f4xx_hal_flash_ramfunc.o
LOAD ./Drivers/STM32F4xx_HAL_Driver/Src/stm32f4xx_hal_gpio.o
LOAD ./Drivers/STM32F4xx_HAL_Driver/Src/stm32f4xx_hal_i2c.o
LOAD ./Drivers/STM32F4xx_HAL_Driver/Src/stm32f4xx_hal_i2c_ex.o
LOAD ./Drivers/STM32F4xx_HAL_Driver/Src/stm32f4xx_hal_pwr.o
LOAD ./Drivers/STM32F4xx_HAL_Driver/Src/stm32f4xx_hal_pwr_ex.o
LOAD ./Drivers/STM32F4xx_HAL_Driver/Src/stm32f4xx_hal_rcc.o
LOAD ./Drivers/STM32F4xx_HAL_Driver/Src/stm32f4xx_hal_rcc_ex.o
LOAD ./Drivers/STM32F4xx_HAL_Driver/Src/stm32f4xx_hal_spi.o
LOAD ./Drivers/STM32F4xx_HAL_Driver/Src/stm32f4xx_hal_tim.o
LOAD ./Drivers/STM32F4xx_HAL_Driver/Src/stm32f4xx_hal_tim_ex.o
LOAD ./Drivers/STM32F4xx_HAL_Driver/Src/stm32f4xx_hal_uart.o
LOAD ./Drivers/STM32F4xx_HAL_Driver/Src/stm32f4xx_ll_adc.o
START GROUP
LOAD C:/Program Files/STMicroelectronics/STM32CubeIDE/STM32CubeIDE/plugins/com.st.stm32cube.ide.mcu.externaltools.gnu-tools-for-stm32.13.3.rel1.win32_1.0.100.202509120712/tools/bin/../lib/gcc/arm-none-eabi/13.3.1/../../../../arm-none-eabi/lib/thumb/v7e-m+fp/hard\libc_nano.a
LOAD C:/Program Files/STMicroelectronics/STM32CubeIDE/STM32CubeIDE/plugins/com.st.stm32cube.ide.mcu.externaltools.gnu-tools-for-stm32.13.3.rel1.win32_1.0.100.202509120712/tools/bin/../lib/gcc/arm-none-eabi/13.3.1/../../../../arm-none-eabi/lib/thumb/v7e-m+fp/hard\libm.a
END GROUP
START GROUP
LOAD C:/Program Files/STMicroelectronics/STM32CubeIDE/STM32CubeIDE/plugins/com.st.stm32cube.ide.mcu.externaltools.gnu-tools-for-stm32.13.3.rel1.win32_1.0.100.202509120712/tools/bin/../lib/gcc/arm-none-eabi/13.3.1/thumb/v7e-m+fp/hard\libgcc.a
LOAD C:/Program Files/STMicroelectronics/STM32CubeIDE/STM32CubeIDE/plugins/com.st.stm32cube.ide.mcu.externaltools.gnu-tools-for-stm32.13.3.rel1.win32_1.0.100.202509120712/tools/bin/../lib/gcc/arm-none-eabi/13.3.1/../../../../arm-none-eabi/lib/thumb/v7e-m+fp/hard\libc_nano.a
END GROUP
START GROUP
LOAD C:/Program Files/STMicroelectronics/STM32CubeIDE/STM32CubeIDE/plugins/com.st.stm32cube.ide.mcu.externaltools.gnu-tools-for-stm32.13.3.rel1.win32_1.0.100.202509120712/tools/bin/../lib/gcc/arm-none-eabi/13.3.1/thumb/v7e-m+fp/hard\libgcc.a
LOAD C:/Program Files/STMicroelectronics/STM32CubeIDE/STM32CubeIDE/plugins/com.st.stm32cube.ide.mcu.externaltools.gnu-tools-for-stm32.13.3.rel1.win32_1.0.100.202509120712/tools/bin/../lib/gcc/arm-none-eabi/13.3.1/../../../../arm-none-eabi/lib/thumb/v7e-m+fp/hard\libc_nano.a
LOAD C:/Program Files/STMicroelectronics/STM32CubeIDE/STM32CubeIDE/plugins/com.st.stm32cube.ide.mcu.externaltools.gnu-tools-for-stm32.13.3.rel1.win32_1.0.100.202509120712/tools/bin/../lib/gcc/arm-none-eabi/13.3.1/../../../../arm-none-eabi/lib/thumb/v7e-m+fp/hard\libnosys.a
END GROUP
START GROUP
LOAD C:/Program Files/STMicroelectronics/STM32CubeIDE/STM32CubeIDE/plugins/com.st.stm32cube.ide.mcu.externaltools.gnu-tools-for-stm32.13.3.rel1.win32_1.0.100.202509120712/tools/bin/../lib/gcc/arm-none-eabi/13.3.1/thumb/v7e-m+fp/hard\libgcc.a
LOAD C:/Program Files/STMicroelectronics/STM32CubeIDE/STM32CubeIDE/plugins/com.st.stm32cube.ide.mcu.externaltools.gnu-tools-for-stm32.13.3.rel1.win32_1.0.100.202509120712/tools/bin/../lib/gcc/arm-none-eabi/13.3.1/../../../../arm-none-eabi/lib/thumb/v7e-m+fp/hard\libc_nano.a
LOAD C:/Program Files/STMicroelectronics/STM32CubeIDE/STM32CubeIDE/plugins/com.st.stm32cube.ide.mcu.externaltools.gnu-tools-for-stm32.13.3.rel1.win32_1.0.100.202509120712/tools/bin/../lib/gcc/arm-none-eabi/13.3.1/../../../../arm-none-eabi/lib/thumb/v7e-m+fp/hard\libnosys.a
END GROUP
LOAD C:/Program Files/STMicroelectronics/STM32CubeIDE/STM32CubeIDE/plugins/com.st.stm32cube.ide.mcu.externaltools.gnu-tools-for-stm32.13.3.rel1.win32_1.0.100.202509120712/tools/bin/../lib/gcc/arm-none-eabi/13.3.1/thumb/v7e-m+fp/hard/crtend.o
LOAD C:/Program Files/STMicroelectronics/STM32CubeIDE/STM32CubeIDE/plugins/com.st.stm32cube.ide.mcu.externaltools.gnu-tools-for-stm32.13.3.rel1.win32_1.0.100.202509120712/tools/bin/../lib/gcc/arm-none-eabi/13.3.1/thumb/v7e-m+fp/hard/crtn.o
                0x20010000                        _estack = (ORIGIN (RAM) + LENGTH (RAM))
                0x00000400                        _Min_Heap_Size = 0x400
                0x00000800                        _Min_Stack_Size = 0x800

.isr_vector     0x08000000      0x194
                0x08000000                        . = ALIGN (0x4)
 *(.isr_vector)
 .isr_vector    0x08000000      0x194 ./Core/Startup/startup_stm32f401rctx.o
                0x08000000                g_pfnVectors
                0x08000194                        . = ALIGN (0x4)

.text           0x080001a0     0xd344
                0x080001a0                        . = ALIGN (0x4)
 *(.text)
 .text          0x080001a0       0x40 C:/Program Files/STMicroelectronics/STM32CubeIDE/STM32CubeIDE/plugins/com.st.stm32cube.ide.mcu.externaltools.gnu-tools-for-stm32.13.3.rel1.win32_1.0.100.202509120712/tools/bin/../lib/gcc/arm-none-eabi/13.3.1/thumb/v7e-m+fp/hard/crtbegin.o
 .text          0x080001e0       0xa0 C:/Program Files/STMicroelectronics/STM32CubeIDE/STM32CubeIDE/plugins/com.st.stm32cube.ide.mcu.externaltools.gnu-tools-for-stm32.13.3.rel1.win32_1.0.100.202509120712/tools/bin/../lib/gcc/arm-none-eabi/13.3.1/../../../../arm-none-eabi/lib/thumb/v7e-m+fp/hard\libc_nano.a(libc_a-memchr.o)
                0x080001e0                memchr
 .text          0x08000280      0x254 C:/Program Files/STMicroelectronics/STM32CubeIDE/STM32CubeIDE/plugins/com.st.stm32cube.ide.mcu.externaltools.gnu-tools-for-stm32.13.3.rel1.win32_1.0.100.202509120712/tools/bin/../lib/gcc/arm-none-eabi/13.3.1/thumb/v7e-m+fp/hard\libgcc.a(_arm_muldf3.o)
                0x08000280                __muldf3
                0x08000280                __aeabi_dmul
 .text          0x080004d4      0x378 C:/Program Files/STMicroelectronics/STM32CubeIDE/STM32CubeIDE/plugins/com.st.stm32cube.ide.mcu.externaltools.gnu-tools-for-stm32.13.3.rel1.win32_1.0.100.202509120712/tools/bin/../lib/gcc/arm-none-eabi/13.3.1/thumb/v7e-m+fp/hard\libgcc.a(_arm_addsubdf3.o)
                0x080004d4                __aeabi_drsub
                0x080004dc                __aeabi_dsub
                0x080004dc                __subdf3
                0x080004e0                __aeabi_dadd
                0x080004e0                __adddf3
                0x08000758                __floatunsidf
                0x08000758                __aeabi_ui2d
                0x08000778                __floatsidf
                0x08000778                __aeabi_i2d
                0x0800079c                __aeabi_f2d
                0x0800079c                __extendsfdf2
                0x080007e0                __floatundidf
                0x080007e0                __aeabi_ul2d
                0x080007f0                __floatdidf
                0x080007f0                __aeabi_l2d
 .text          0x0800084c       0x50 C:/Program Files/STMicroelectronics/STM32CubeIDE/STM32CubeIDE/plugins/com.st.stm32cube.ide.mcu.externaltools.gnu-tools-for-stm32.13.3.rel1.win32_1.0.100.202509120712/tools/bin/../lib/gcc/arm-none-eabi/13.3.1/thumb/v7e-m+fp/hard\libgcc.a(_arm_fixdfsi.o)
                0x0800084c                __aeabi_d2iz
                0x0800084c                __fixdfsi
 .text          0x0800089c       0x40 C:/Program Files/STMicroelectronics/STM32CubeIDE/STM32CubeIDE/plugins/com.st.stm32cube.ide.mcu.externaltools.gnu-tools-for-stm32.13.3.rel1.win32_1.0.100.202509120712/tools/bin/../lib/gcc/arm-none-eabi/13.3.1/thumb/v7e-m+fp/hard\libgcc.a(_arm_fixunsdfsi.o)
                0x0800089c                __aeabi_d2uiz
                0x0800089c                __fixunsdfsi
 .text          0x080008dc       0xa0 C:/Program Files/STMicroelectronics/STM32CubeIDE/STM32CubeIDE/plugins/com.st.stm32cube.ide.mcu.externaltools.gnu-tools-for-stm32.13.3.rel1.win32_1.0.100.202509120712/tools/bin/../lib/gcc/arm-none-eabi/13.3.1/thumb/v7e-m+fp/hard\libgcc.a(_arm_truncdfsf2.o)
                0x080008dc                __truncdfsf2
                0x080008dc                __aeabi_d2f
 .text          0x0800097c       0x30 C:/Program Files/STMicroelectronics/STM32CubeIDE/STM32CubeIDE/plugins/com.st.stm32cube.ide.mcu.externaltools.gnu-tools-for-stm32.13.3.rel1.win32_1.0.100.202509120712/tools/bin/../lib/gcc/arm-none-eabi/13.3.1/thumb/v7e-m+fp/hard\libgcc.a(_aeabi_uldivmod.o)
                0x0800097c                __aeabi_uldivmod
 .text          0x080009ac      0x2f8 C:/Program Files/STMicroelectronics/STM32CubeIDE/STM32CubeIDE/plugins/com.st.stm32cube.ide.mcu.externaltools.gnu-tools-for-stm32.13.3.rel1.win32_1.0.100.202509120712/tools/bin/../lib/gcc/arm-none-eabi/13.3.1/thumb/v7e-m+fp/hard\libgcc.a(_udivmoddi4.o)
                0x080009ac                __udivmoddi4
 .text          0x08000ca4        0x4 C:/Program Files/STMicroelectronics/STM32CubeIDE/STM32CubeIDE/plugins/com.st.stm32cube.ide.mcu.externaltools.gnu-tools-for-stm32.13.3.rel1.win32_1.0.100.202509120712/tools/bin/../lib/gcc/arm-none-eabi/13.3.1/thumb/v7e-m+fp/hard\libgcc.a(_dvmd_tls.o)
                0x08000ca4                __aeabi_idiv0
                0x08000ca4                __aeabi_ldiv0
 *(.text*)
 .text.EE24_Delay
                0x08000ca8       0x16 ./Core/Inc/24CXX/ee24.o
                0x08000ca8                EE24_Delay
 .text.EE24_Lock
                0x08000cbe       0x26 ./Core/Inc/24CXX/ee24.o
                0x08000cbe                EE24_Lock
 .text.EE24_UnLock
                0x08000ce4       0x1a ./Core/Inc/24CXX/ee24.o
                0x08000ce4                EE24_UnLock
 .text.EE24_Init
                0x08000cfe       0x50 ./Core/Inc/24CXX/ee24.o
                0x08000cfe                EE24_Init
 .text.EE24_Read
                0x08000d4e       0x58 ./Core/Inc/24CXX/ee24.o
                0x08000d4e                EE24_Read
 .text.EE24_Write
                0x08000da6       0xb2 ./Core/Inc/24CXX/ee24.o
                0x08000da6                EE24_Write
 .text.EE24_ReadCircle
                0x08000e58       0xae ./Core/Inc/24CXX/ee24.o
                0x08000e58                EE24_ReadCircle
 .text.EE24_WriteCircle
                0x08000f06      0x106 ./Core/Inc/24CXX/ee24.o
                0x08000f06                EE24_WriteCircle
 .text.ADC_converter
                0x0800100c      0x1fc ./Core/Inc/ADCconverter/ADCconverter.o
                0x0800100c                ADC_converter
 .text.GetVoltageRVD
                0x08001208       0x60 ./Core/Inc/ADCconverter/ADCconverter.o
                0x08001208                GetVoltageRVD
 .text.__NVIC_ClearPendingIRQ
                0x08001268       0x3c ./Core/Inc/BUTTONS/buttons.o
 .text.HAL_GPIO_GET_REAL_NUMBER
                0x080012a4      0x170 ./Core/Inc/BUTTONS/buttons.o
                0x080012a4                HAL_GPIO_GET_REAL_NUMBER
 .text.HAL_GPIO_GET_HAL_PIN
                0x08001414       0xb4 ./Core/Inc/BUTTONS/buttons.o
                0x08001414                HAL_GPIO_GET_HAL_PIN
 .text.HAL_GPIO_EXTI_Callback
                0x080014c8       0x88 ./Core/Inc/BUTTONS/buttons.o
                0x080014c8                HAL_GPIO_EXTI_Callback
 .text.BUTTON_IRQ_Debounce
                0x08001550      0x1a4 ./Core/Inc/BUTTONS/buttons.o
                0x08001550                BUTTON_IRQ_Debounce
 .text.int16_clamp
                0x080016f4       0x7e ./Core/Inc/PID/PID.o
                0x080016f4                int16_clamp
 .text.PID_Init
                0x08001772       0x52 ./Core/Inc/PID/PID.o
                0x08001772                PID_Init
 .text.PID_Set_K
                0x080017c4       0x3c ./Core/Inc/PID/PID.o
                0x080017c4                PID_Set_K
 .text.PID_SetLimits
                0x08001800       0x28 ./Core/Inc/PID/PID.o
                0x08001800                PID_SetLimits
 .text.PID_SetSync
                0x08001828       0x1c ./Core/Inc/PID/PID.o
                0x08001828                PID_SetSync
 .text.PID_SetValue
                0x08001844       0x1e ./Core/Inc/PID/PID.o
                0x08001844                PID_SetValue
 .text.PID_Restart
                0x08001862       0x62 ./Core/Inc/PID/PID.o
                0x08001862                PID_Restart
 .text.PID_GetResultSync
                0x080018c4      0x20c ./Core/Inc/PID/PID.o
                0x080018c4                PID_GetResultSync
 .text.ascendingABS
                0x08001ad0       0x3e ./Core/Inc/RingBuffer/ring_buffer.o
                0x08001ad0                ascendingABS
 .text.sortArray
                0x08001b0e       0x9c ./Core/Inc/RingBuffer/ring_buffer.o
                0x08001b0e                sortArray
 .text.RING_BUF_Init
                0x08001baa       0x48 ./Core/Inc/RingBuffer/ring_buffer.o
                0x08001baa                RING_BUF_Init
 .text.RING_BUF_Push
                0x08001bf2       0x52 ./Core/Inc/RingBuffer/ring_buffer.o
                0x08001bf2                RING_BUF_Push
 .text.RING_BUF_getFiltered
                0x08001c44      0x180 ./Core/Inc/RingBuffer/ring_buffer.o
                0x08001c44                RING_BUF_getFiltered
 .text.ST7735_Select
                0x08001dc4       0x18 ./Core/Inc/st7735/st7735.o
 .text.ST7735_Unselect
                0x08001ddc       0x18 ./Core/Inc/st7735/st7735.o
                0x08001ddc                ST7735_Unselect
 .text.ST7735_Reset
                0x08001df4       0x28 ./Core/Inc/st7735/st7735.o
 .text.ST7735_WriteCommand
                0x08001e1c       0x34 ./Core/Inc/st7735/st7735.o
 .text.ST7735_WriteData
                0x08001e50       0x34 ./Core/Inc/st7735/st7735.o
 .text.ST7735_ExecuteCommandList
                0x08001e84       0x92 ./Core/Inc/st7735/st7735.o
 .text.ST7735_SetAddressWindow
                0x08001f16       0x68 ./Core/Inc/st7735/st7735.o
 *fill*         0x08001f7e        0x2 
 .text.ST7735_Init
                0x08001f80       0x34 ./Core/Inc/st7735/st7735.o
                0x08001f80                ST7735_Init
 .text.ST7735_DrawPixel
                0x08001fb4       0x68 ./Core/Inc/st7735/st7735.o
                0x08001fb4                ST7735_DrawPixel
 .text.ST7735_WriteChar
                0x0800201c       0xee ./Core/Inc/st7735/st7735.o
 .text.ST7735_WriteString
                0x0800210a       0x94 ./Core/Inc/st7735/st7735.o
                0x0800210a                ST7735_WriteString
 *fill*         0x0800219e        0x2 
 .text.ST7735_FillRectangle
                0x080021a0       0xe4 ./Core/Inc/st7735/st7735.o
                0x080021a0                ST7735_FillRectangle
 .text.ST7735_FillScreen
                0x08002284       0x22 ./Core/Inc/st7735/st7735.o
                0x08002284                ST7735_FillScreen
 .text.ST7735_DrawImage
                0x080022a6       0x98 ./Core/Inc/st7735/st7735.o
                0x080022a6                ST7735_DrawImage
 *fill*         0x0800233e        0x2 
 .text.MX_ADC1_Init
                0x08002340      0x168 ./Core/Src/adc.o
                0x08002340                MX_ADC1_Init
 .text.HAL_ADC_MspInit
                0x080024a8      0x160 ./Core/Src/adc.o
                0x080024a8                HAL_ADC_MspInit
 .text.MX_DMA_Init
                0x08002608       0x40 ./Core/Src/dma.o
                0x08002608                MX_DMA_Init
 .text.MX_GPIO_Init
                0x08002648      0x1a8 ./Core/Src/gpio.o
                0x08002648                MX_GPIO_Init
 .text.MX_I2C1_Init
                0x080027f0       0x5c ./Core/Src/i2c.o
                0x080027f0                MX_I2C1_Init
 .text.HAL_I2C_MspInit
                0x0800284c       0x90 ./Core/Src/i2c.o
                0x0800284c                HAL_I2C_MspInit
 .text.main     0x080028dc       0xe4 ./Core/Src/main.o
                0x080028dc                main
 .text.SystemClock_Config
                0x080029c0       0xd4 ./Core/Src/main.o
                0x080029c0                SystemClock_Config
 .text.HAL_ADC_ConvCpltCallback
                0x08002a94      0x1c0 ./Core/Src/main.o
                0x08002a94                HAL_ADC_ConvCpltCallback
 .text.HAL_TIM_PWM_PulseFinishedCallback
                0x08002c54       0x3c ./Core/Src/main.o
                0x08002c54                HAL_TIM_PWM_PulseFinishedCallback
 .text.HAL_TIM_PeriodElapsedCallback
                0x08002c90       0xd8 ./Core/Src/main.o
                0x08002c90                HAL_TIM_PeriodElapsedCallback
 .text.TIMers_Init
                0x08002d68      0x180 ./Core/Src/main.o
                0x08002d68                TIMers_Init
 .text.TIMers_Update
                0x08002ee8       0xd8 ./Core/Src/main.o
                0x08002ee8                TIMers_Update
 .text.PID_REG_IRON
                0x08002fc0      0x1ec ./Core/Src/main.o
                0x08002fc0                PID_REG_IRON
 .text.PID_REG_HOTAIR
                0x080031ac       0x74 ./Core/Src/main.o
                0x080031ac                PID_REG_HOTAIR
 .text.ADC_Work
                0x08003220      0x2dc ./Core/Src/main.o
                0x08003220                ADC_Work
 .text.Check_Protection
                0x080034fc      0x124 ./Core/Src/main.o
                0x080034fc                Check_Protection
 .text.Check_Sleep
                0x08003620      0x1fc ./Core/Src/main.o
                0x08003620                Check_Sleep
 .text.Check_Tools_Change
                0x0800381c      0x138 ./Core/Src/main.o
                0x0800381c                Check_Tools_Change
 .text.ST7735_Update
                0x08003954      0x198 ./Core/Src/main.o
                0x08003954                ST7735_Update
 .text.ST7735_prepareFrame
                0x08003aec       0x7a ./Core/Src/main.o
                0x08003aec                ST7735_prepareFrame
 *fill*         0x08003b66        0x2 
 .text.ST7735_prepareBotMenu_v0
                0x08003b68       0x64 ./Core/Src/main.o
                0x08003b68                ST7735_prepareBotMenu_v0
 .text.ST7735_prepareBotMenu_v1
                0x08003bcc       0x64 ./Core/Src/main.o
                0x08003bcc                ST7735_prepareBotMenu_v1
 .text.ST7735_prepareBotMenu_v2
                0x08003c30       0x8c ./Core/Src/main.o
                0x08003c30                ST7735_prepareBotMenu_v2
 .text.ST7735_prepareMenu_0
                0x08003cbc      0x190 ./Core/Src/main.o
                0x08003cbc                ST7735_prepareMenu_0
 .text.ST7735_prepareMenu_1
                0x08003e4c      0x154 ./Core/Src/main.o
                0x08003e4c                ST7735_prepareMenu_1
 .text.ST7735_prepareMenu_3
                0x08003fa0       0xe8 ./Core/Src/main.o
                0x08003fa0                ST7735_prepareMenu_3
 .text.ST7735_prepareMenu_5
                0x08004088      0x158 ./Core/Src/main.o
                0x08004088                ST7735_prepareMenu_5
 .text.ST7735_showMenu_0
                0x080041e0      0x364 ./Core/Src/main.o
                0x080041e0                ST7735_showMenu_0
 .text.ST7735_showMenu_1
                0x08004544      0x664 ./Core/Src/main.o
                0x08004544                ST7735_showMenu_1
 .text.ST7735_showMenu_2_p1
                0x08004ba8       0xcc ./Core/Src/main.o
                0x08004ba8                ST7735_showMenu_2_p1
 .text.ST7735_showMenu_2_p2
                0x08004c74      0x3e4 ./Core/Src/main.o
                0x08004c74                ST7735_showMenu_2_p2
 .text.ST7735_showMenu_2_p3
                0x08005058      0x3d4 ./Core/Src/main.o
                0x08005058                ST7735_showMenu_2_p3
 .text.ST7735_showMenu_3
                0x0800542c      0x214 ./Core/Src/main.o
                0x0800542c                ST7735_showMenu_3
 .text.ST7735_showMenu_5_p1
                0x08005640      0x15c ./Core/Src/main.o
                0x08005640                ST7735_showMenu_5_p1
 .text.ST7735_showMenu_5_p2
                0x0800579c      0x5ac ./Core/Src/main.o
                0x0800579c                ST7735_showMenu_5_p2
 .text.ST7735_showBar
                0x08005d48       0xb2 ./Core/Src/main.o
                0x08005d48                ST7735_showBar
 *fill*         0x08005dfa        0x2 
 .text.EEPROM_Init
                0x08005dfc       0x28 ./Core/Src/main.o
                0x08005dfc                EEPROM_Init
 .text.EEPROM_Read_All
                0x08005e24      0x2b0 ./Core/Src/main.o
                0x08005e24                EEPROM_Read_All
 .text.EEPROM_Write_All
                0x080060d4      0x178 ./Core/Src/main.o
                0x080060d4                EEPROM_Write_All
 .text.EEPROM_RESET
                0x0800624c       0x40 ./Core/Src/main.o
                0x0800624c                EEPROM_RESET
 .text.Button_React
                0x0800628c      0x758 ./Core/Src/main.o
                0x0800628c                Button_React
 .text.encoder_uploader
                0x080069e4       0x8e ./Core/Src/main.o
                0x080069e4                encoder_uploader
 *fill*         0x08006a72        0x2 
 .text.get_K    0x08006a74       0x44 ./Core/Src/main.o
                0x08006a74                get_K
 .text.approximateT
                0x08006ab8       0x46 ./Core/Src/main.o
                0x08006ab8                approximateT
 *fill*         0x08006afe        0x2 
 .text.get_NTC_T
                0x08006b00      0x194 ./Core/Src/main.o
                0x08006b00                get_NTC_T
 .text.Error_Handler
                0x08006c94        0xc ./Core/Src/main.o
                0x08006c94                Error_Handler
 .text.MX_SPI1_Init
                0x08006ca0       0x70 ./Core/Src/spi.o
                0x08006ca0                MX_SPI1_Init
 .text.HAL_SPI_MspInit
                0x08006d10       0x90 ./Core/Src/spi.o
                0x08006d10                HAL_SPI_MspInit
 .text.HAL_MspInit
                0x08006da0       0x50 ./Core/Src/stm32f4xx_hal_msp.o
                0x08006da0                HAL_MspInit
 .text.NMI_Handler
                0x08006df0        0x8 ./Core/Src/stm32f4xx_it.o
                0x08006df0                NMI_Handler
 .text.HardFault_Handler
                0x08006df8        0x8 ./Core/Src/stm32f4xx_it.o
                0x08006df8                HardFault_Handler
 .text.MemManage_Handler
                0x08006e00        0x8 ./Core/Src/stm32f4xx_it.o
                0x08006e00                MemManage_Handler
 .text.BusFault_Handler
                0x08006e08        0x8 ./Core/Src/stm32f4xx_it.o
                0x08006e08                BusFault_Handler
 .text.UsageFault_Handler
                0x08006e10        0x8 ./Core/Src/stm32f4xx_it.o
                0x08006e10                UsageFault_Handler
 .text.SVC_Handler
                0x08006e18        0xe ./Core/Src/stm32f4xx_it.o
                0x08006e18                SVC_Handler
 .text.DebugMon_Handler
                0x08006e26        0xe ./Core/Src/stm32f4xx_it.o
                0x08006e26                DebugMon_Handler
 .text.PendSV_Handler
                0x08006e34        0xe ./Core/Src/stm32f4xx_it.o
                0x08006e34                PendSV_Handler
 .text.SysTick_Handler
                0x08006e42        0xc ./Core/Src/stm32f4xx_it.o
                0x08006e42                SysTick_Handler
 .text.EXTI0_IRQHandler
                0x08006e4e        0xe ./Core/Src/stm32f4xx_it.o
                0x08006e4e                EXTI0_IRQHandler
 .text.EXTI4_IRQHandler
                0x08006e5c        0xe ./Core/Src/stm32f4xx_it.o
                0x08006e5c                EXTI4_IRQHandler
 .text.EXTI9_5_IRQHandler
                0x08006e6a        0xe ./Core/Src/stm32f4xx_it.o
                0x08006e6a                EXTI9_5_IRQHandler
 .text.TIM1_UP_TIM10_IRQHandler
                0x08006e78       0x1c ./Core/Src/stm32f4xx_it.o
                0x08006e78                TIM1_UP_TIM10_IRQHandler
 .text.TIM1_TRG_COM_TIM11_IRQHandler
                0x08006e94       0x1c ./Core/Src/stm32f4xx_it.o
                0x08006e94                TIM1_TRG_COM_TIM11_IRQHandler
 .text.TIM2_IRQHandler
                0x08006eb0       0x14 ./Core/Src/stm32f4xx_it.o
                0x08006eb0                TIM2_IRQHandler
 .text.TIM3_IRQHandler
                0x08006ec4       0x14 ./Core/Src/stm32f4xx_it.o
                0x08006ec4                TIM3_IRQHandler
 .text.TIM4_IRQHandler
                0x08006ed8       0x14 ./Core/Src/stm32f4xx_it.o
                0x08006ed8                TIM4_IRQHandler
 .text.EXTI15_10_IRQHandler
                0x08006eec       0x30 ./Core/Src/stm32f4xx_it.o
                0x08006eec                EXTI15_10_IRQHandler
 .text.TIM5_IRQHandler
                0x08006f1c       0x14 ./Core/Src/stm32f4xx_it.o
                0x08006f1c                TIM5_IRQHandler
 .text.DMA2_Stream0_IRQHandler
                0x08006f30       0x14 ./Core/Src/stm32f4xx_it.o
                0x08006f30                DMA2_Stream0_IRQHandler
 .text._sbrk    0x08006f44       0x6c ./Core/Src/sysmem.o
                0x08006f44                _sbrk
 .text.SystemInit
                0x08006fb0       0x24 ./Core/Src/system_stm32f4xx.o
                0x08006fb0                SystemInit
 .text.MX_TIM1_Init
                0x08006fd4      0x120 ./Core/Src/tim.o
                0x08006fd4                MX_TIM1_Init
 .text.MX_TIM2_Init
                0x080070f4       0xb0 ./Core/Src/tim.o
                0x080070f4                MX_TIM2_Init
 .text.MX_TIM3_Init
                0x080071a4       0xa8 ./Core/Src/tim.o
                0x080071a4                MX_TIM3_Init
 .text.MX_TIM4_Init
                0x0800724c       0xa8 ./Core/Src/tim.o
                0x0800724c                MX_TIM4_Init
 .text.MX_TIM5_Init
                0x080072f4       0xb4 ./Core/Src/tim.o
                0x080072f4                MX_TIM5_Init
 .text.MX_TIM10_Init
                0x080073a8       0x48 ./Core/Src/tim.o
                0x080073a8                MX_TIM10_Init
 .text.MX_TIM11_Init
                0x080073f0       0x48 ./Core/Src/tim.o
                0x080073f0                MX_TIM11_Init
 .text.HAL_TIM_PWM_MspInit
                0x08007438       0xd4 ./Core/Src/tim.o
                0x08007438                HAL_TIM_PWM_MspInit
 .text.HAL_TIM_Encoder_MspInit
                0x0800750c      0x11c ./Core/Src/tim.o
                0x0800750c                HAL_TIM_Encoder_MspInit
 .text.HAL_TIM_Base_MspInit
                0x08007628       0x8c ./Core/Src/tim.o
                0x08007628                HAL_TIM_Base_MspInit
 .text.HAL_TIM_MspPostInit
                0x080076b4      0x10c ./Core/Src/tim.o
                0x080076b4                HAL_TIM_MspPostInit
 .text.MX_USART6_UART_Init
                0x080077c0       0x54 ./Core/Src/usart.o
                0x080077c0                MX_USART6_UART_Init
 .text.HAL_UART_MspInit
                0x08007814       0x90 ./Core/Src/usart.o
                0x08007814                HAL_UART_MspInit
 .text.Reset_Handler
                0x080078a4       0x50 ./Core/Startup/startup_stm32f401rctx.o
                0x080078a4                Reset_Handler
 .text.Default_Handler
                0x080078f4        0x2 ./Core/Startup/startup_stm32f401rctx.o
                0x080078f4                RTC_Alarm_IRQHandler
                0x080078f4                EXTI2_IRQHandler
                0x080078f4                SPI4_IRQHandler
                0x080078f4                TIM1_CC_IRQHandler
                0x080078f4                DMA2_Stream5_IRQHandler
                0x080078f4                DMA1_Stream5_IRQHandler
                0x080078f4                PVD_IRQHandler
                0x080078f4                SDIO_IRQHandler
                0x080078f4                TAMP_STAMP_IRQHandler
                0x080078f4                EXTI3_IRQHandler
                0x080078f4                I2C3_ER_IRQHandler
                0x080078f4                I2C2_EV_IRQHandler
                0x080078f4                DMA1_Stream2_IRQHandler
                0x080078f4                FPU_IRQHandler
                0x080078f4                DMA2_Stream2_IRQHandler
                0x080078f4                SPI1_IRQHandler
                0x080078f4                TIM1_BRK_TIM9_IRQHandler
                0x080078f4                DMA2_Stream3_IRQHandler
                0x080078f4                USART6_IRQHandler
                0x080078f4                I2C1_EV_IRQHandler
                0x080078f4                DMA1_Stream6_IRQHandler
                0x080078f4                DMA1_Stream1_IRQHandler
                0x080078f4                RCC_IRQHandler
                0x080078f4                Default_Handler
                0x080078f4                ADC_IRQHandler
                0x080078f4                DMA1_Stream7_IRQHandler
                0x080078f4                DMA2_Stream7_IRQHandler
                0x080078f4                I2C3_EV_IRQHandler
                0x080078f4                RTC_WKUP_IRQHandler
                0x080078f4                SPI2_IRQHandler
                0x080078f4                DMA1_Stream0_IRQHandler
                0x080078f4                WWDG_IRQHandler
                0x080078f4                OTG_FS_WKUP_IRQHandler
                0x080078f4                EXTI1_IRQHandler
                0x080078f4                USART2_IRQHandler
                0x080078f4                I2C2_ER_IRQHandler
                0x080078f4                DMA2_Stream1_IRQHandler
                0x080078f4                FLASH_IRQHandler
                0x080078f4                DMA2_Stream4_IRQHandler
                0x080078f4                USART1_IRQHandler
                0x080078f4                OTG_FS_IRQHandler
                0x080078f4                SPI3_IRQHandler
                0x080078f4                DMA1_Stream4_IRQHandler
                0x080078f4                I2C1_ER_IRQHandler
                0x080078f4                DMA2_Stream6_IRQHandler
                0x080078f4                DMA1_Stream3_IRQHandler
 *fill*         0x080078f6        0x2 
 .text.HAL_Init
                0x080078f8       0x44 ./Drivers/STM32F4xx_HAL_Driver/Src/stm32f4xx_hal.o
                0x080078f8                HAL_Init
 .text.HAL_InitTick
                0x0800793c       0x60 ./Drivers/STM32F4xx_HAL_Driver/Src/stm32f4xx_hal.o
                0x0800793c                HAL_InitTick
 .text.HAL_IncTick
                0x0800799c       0x28 ./Drivers/STM32F4xx_HAL_Driver/Src/stm32f4xx_hal.o
                0x0800799c                HAL_IncTick
 .text.HAL_GetTick
                0x080079c4       0x18 ./Drivers/STM32F4xx_HAL_Driver/Src/stm32f4xx_hal.o
                0x080079c4                HAL_GetTick
 .text.HAL_Delay
                0x080079dc       0x48 ./Drivers/STM32F4xx_HAL_Driver/Src/stm32f4xx_hal.o
                0x080079dc                HAL_Delay
 .text.HAL_ADC_Init
                0x08007a24       0x86 ./Drivers/STM32F4xx_HAL_Driver/Src/stm32f4xx_hal_adc.o
                0x08007a24                HAL_ADC_Init
 *fill*         0x08007aaa        0x2 
 .text.HAL_ADC_Start_DMA
                0x08007aac      0x1e8 ./Drivers/STM32F4xx_HAL_Driver/Src/stm32f4xx_hal_adc.o
                0x08007aac                HAL_ADC_Start_DMA
 .text.HAL_ADC_Stop_DMA
                0x08007c94       0xb4 ./Drivers/STM32F4xx_HAL_Driver/Src/stm32f4xx_hal_adc.o
                0x08007c94                HAL_ADC_Stop_DMA
 .text.HAL_ADC_ConvHalfCpltCallback
                0x08007d48       0x14 ./Drivers/STM32F4xx_HAL_Driver/Src/stm32f4xx_hal_adc.o
                0x08007d48                HAL_ADC_ConvHalfCpltCallback
 .text.HAL_ADC_ErrorCallback
                0x08007d5c       0x14 ./Drivers/STM32F4xx_HAL_Driver/Src/stm32f4xx_hal_adc.o
                0x08007d5c                HAL_ADC_ErrorCallback
 .text.HAL_ADC_ConfigChannel
                0x08007d70      0x244 ./Drivers/STM32F4xx_HAL_Driver/Src/stm32f4xx_hal_adc.o
                0x08007d70                HAL_ADC_ConfigChannel
 .text.ADC_Init
                0x08007fb4      0x1f8 ./Drivers/STM32F4xx_HAL_Driver/Src/stm32f4xx_hal_adc.o
 .text.ADC_DMAConvCplt
                0x080081ac       0xba ./Drivers/STM32F4xx_HAL_Driver/Src/stm32f4xx_hal_adc.o
 .text.ADC_DMAHalfConvCplt
                0x08008266       0x1c ./Drivers/STM32F4xx_HAL_Driver/Src/stm32f4xx_hal_adc.o
 .text.ADC_DMAError
                0x08008282       0x2e ./Drivers/STM32F4xx_HAL_Driver/Src/stm32f4xx_hal_adc.o
 .text.__NVIC_SetPriorityGrouping
                0x080082b0       0x48 ./Drivers/STM32F4xx_HAL_Driver/Src/stm32f4xx_hal_cortex.o
 .text.__NVIC_GetPriorityGrouping
                0x080082f8       0x1c ./Drivers/STM32F4xx_HAL_Driver/Src/stm32f4xx_hal_cortex.o
 .text.__NVIC_EnableIRQ
                0x08008314       0x3c ./Drivers/STM32F4xx_HAL_Driver/Src/stm32f4xx_hal_cortex.o
 .text.__NVIC_DisableIRQ
                0x08008350       0x48 ./Drivers/STM32F4xx_HAL_Driver/Src/stm32f4xx_hal_cortex.o
 .text.__NVIC_SetPriority
                0x08008398       0x54 ./Drivers/STM32F4xx_HAL_Driver/Src/stm32f4xx_hal_cortex.o
 .text.NVIC_EncodePriority
                0x080083ec       0x66 ./Drivers/STM32F4xx_HAL_Driver/Src/stm32f4xx_hal_cortex.o
 *fill*         0x08008452        0x2 
 .text.__NVIC_SystemReset
                0x08008454       0x2c ./Drivers/STM32F4xx_HAL_Driver/Src/stm32f4xx_hal_cortex.o
 .text.SysTick_Config
                0x08008480       0x44 ./Drivers/STM32F4xx_HAL_Driver/Src/stm32f4xx_hal_cortex.o
 .text.HAL_NVIC_SetPriorityGrouping
                0x080084c4       0x16 ./Drivers/STM32F4xx_HAL_Driver/Src/stm32f4xx_hal_cortex.o
                0x080084c4                HAL_NVIC_SetPriorityGrouping
 .text.HAL_NVIC_SetPriority
                0x080084da       0x38 ./Drivers/STM32F4xx_HAL_Driver/Src/stm32f4xx_hal_cortex.o
                0x080084da                HAL_NVIC_SetPriority
 .text.HAL_NVIC_EnableIRQ
                0x08008512       0x1c ./Drivers/STM32F4xx_HAL_Driver/Src/stm32f4xx_hal_cortex.o
                0x08008512                HAL_NVIC_EnableIRQ
 .text.HAL_NVIC_DisableIRQ
                0x0800852e       0x1c ./Drivers/STM32F4xx_HAL_Driver/Src/stm32f4xx_hal_cortex.o
                0x0800852e                HAL_NVIC_DisableIRQ
 .text.HAL_NVIC_SystemReset
                0x0800854a        0x8 ./Drivers/STM32F4xx_HAL_Driver/Src/stm32f4xx_hal_cortex.o
                0x0800854a                HAL_NVIC_SystemReset
 .text.HAL_SYSTICK_Config
                0x08008552       0x18 ./Drivers/STM32F4xx_HAL_Driver/Src/stm32f4xx_hal_cortex.o
                0x08008552                HAL_SYSTICK_Config
 *fill*         0x0800856a        0x2 
 .text.HAL_DMA_Init
                0x0800856c      0x15c ./Drivers/STM32F4xx_HAL_Driver/Src/stm32f4xx_hal_dma.o
                0x0800856c                HAL_DMA_Init
 .text.HAL_DMA_Start_IT
                0x080086c8       0xb0 ./Drivers/STM32F4xx_HAL_Driver/Src/stm32f4xx_hal_dma.o
                0x080086c8                HAL_DMA_Start_IT
 .text.HAL_DMA_Abort
                0x08008778       0xe0 ./Drivers/STM32F4xx_HAL_Driver/Src/stm32f4xx_hal_dma.o
                0x08008778                HAL_DMA_Abort
 .text.HAL_DMA_IRQHandler
                0x08008858      0x314 ./Drivers/STM32F4xx_HAL_Driver/Src/stm32f4xx_hal_dma.o
                0x08008858                HAL_DMA_IRQHandler
 .text.DMA_SetConfig
                0x08008b6c       0x5c ./Drivers/STM32F4xx_HAL_Driver/Src/stm32f4xx_hal_dma.o
 .text.DMA_CalcBaseAndBitshift
                0x08008bc8       0x6c ./Drivers/STM32F4xx_HAL_Driver/Src/stm32f4xx_hal_dma.o
 .text.DMA_CheckFifoParam
                0x08008c34       0xf8 ./Drivers/STM32F4xx_HAL_Driver/Src/stm32f4xx_hal_dma.o
 .text.HAL_GPIO_Init
                0x08008d2c      0x308 ./Drivers/STM32F4xx_HAL_Driver/Src/stm32f4xx_hal_gpio.o
                0x08008d2c                HAL_GPIO_Init
 .text.HAL_GPIO_ReadPin
                0x08009034       0x30 ./Drivers/STM32F4xx_HAL_Driver/Src/stm32f4xx_hal_gpio.o
                0x08009034                HAL_GPIO_ReadPin
 .text.HAL_GPIO_WritePin
                0x08009064       0x32 ./Drivers/STM32F4xx_HAL_Driver/Src/stm32f4xx_hal_gpio.o
                0x08009064                HAL_GPIO_WritePin
 *fill*         0x08009096        0x2 
 .text.HAL_GPIO_EXTI_IRQHandler
                0x08009098       0x30 ./Drivers/STM32F4xx_HAL_Driver/Src/stm32f4xx_hal_gpio.o
                0x08009098                HAL_GPIO_EXTI_IRQHandler
 .text.HAL_I2C_Init
                0x080090c8      0x288 ./Drivers/STM32F4xx_HAL_Driver/Src/stm32f4xx_hal_i2c.o
                0x080090c8                HAL_I2C_Init
 .text.HAL_I2C_Mem_Write
                0x08009350      0x1f4 ./Drivers/STM32F4xx_HAL_Driver/Src/stm32f4xx_hal_i2c.o
                0x08009350                HAL_I2C_Mem_Write
 .text.HAL_I2C_Mem_Read
                0x08009544      0x464 ./Drivers/STM32F4xx_HAL_Driver/Src/stm32f4xx_hal_i2c.o
                0x08009544                HAL_I2C_Mem_Read
 .text.HAL_I2C_IsDeviceReady
                0x080099a8      0x25c ./Drivers/STM32F4xx_HAL_Driver/Src/stm32f4xx_hal_i2c.o
                0x080099a8                HAL_I2C_IsDeviceReady
 .text.I2C_RequestMemoryWrite
                0x08009c04      0x12c ./Drivers/STM32F4xx_HAL_Driver/Src/stm32f4xx_hal_i2c.o
 .text.I2C_RequestMemoryRead
                0x08009d30      0x1d0 ./Drivers/STM32F4xx_HAL_Driver/Src/stm32f4xx_hal_i2c.o
 .text.I2C_WaitOnFlagUntilTimeout
                0x08009f00       0xf4 ./Drivers/STM32F4xx_HAL_Driver/Src/stm32f4xx_hal_i2c.o
 .text.I2C_WaitOnMasterAddressFlagUntilTimeout
                0x08009ff4      0x140 ./Drivers/STM32F4xx_HAL_Driver/Src/stm32f4xx_hal_i2c.o
 .text.I2C_WaitOnTXEFlagUntilTimeout
                0x0800a134       0x90 ./Drivers/STM32F4xx_HAL_Driver/Src/stm32f4xx_hal_i2c.o
 .text.I2C_WaitOnBTFFlagUntilTimeout
                0x0800a1c4       0x90 ./Drivers/STM32F4xx_HAL_Driver/Src/stm32f4xx_hal_i2c.o
 .text.I2C_WaitOnRXNEFlagUntilTimeout
                0x0800a254       0xba ./Drivers/STM32F4xx_HAL_Driver/Src/stm32f4xx_hal_i2c.o
 .text.I2C_IsAcknowledgeFailed
                0x0800a30e       0x5e ./Drivers/STM32F4xx_HAL_Driver/Src/stm32f4xx_hal_i2c.o
 .text.HAL_RCC_OscConfig
                0x0800a36c      0x4f0 ./Drivers/STM32F4xx_HAL_Driver/Src/stm32f4xx_hal_rcc.o
                0x0800a36c                HAL_RCC_OscConfig
 .text.HAL_RCC_ClockConfig
                0x0800a85c      0x1cc ./Drivers/STM32F4xx_HAL_Driver/Src/stm32f4xx_hal_rcc.o
                0x0800a85c                HAL_RCC_ClockConfig
 .text.HAL_RCC_GetSysClockFreq
                0x0800aa28      0x20c ./Drivers/STM32F4xx_HAL_Driver/Src/stm32f4xx_hal_rcc.o
                0x0800aa28                HAL_RCC_GetSysClockFreq
 .text.HAL_RCC_GetHCLKFreq
                0x0800ac34       0x18 ./Drivers/STM32F4xx_HAL_Driver/Src/stm32f4xx_hal_rcc.o
                0x0800ac34                HAL_RCC_GetHCLKFreq
 .text.HAL_RCC_GetPCLK1Freq
                0x0800ac4c       0x28 ./Drivers/STM32F4xx_HAL_Driver/Src/stm32f4xx_hal_rcc.o
                0x0800ac4c                HAL_RCC_GetPCLK1Freq
 .text.HAL_RCC_GetPCLK2Freq
                0x0800ac74       0x28 ./Drivers/STM32F4xx_HAL_Driver/Src/stm32f4xx_hal_rcc.o
                0x0800ac74                HAL_RCC_GetPCLK2Freq
 .text.HAL_SPI_Init
                0x0800ac9c      0x112 ./Drivers/STM32F4xx_HAL_Driver/Src/stm32f4xx_hal_spi.o
                0x0800ac9c                HAL_SPI_Init
 .text.HAL_SPI_Transmit
                0x0800adae      0x288 ./Drivers/STM32F4xx_HAL_Driver/Src/stm32f4xx_hal_spi.o
                0x0800adae                HAL_SPI_Transmit
 *fill*         0x0800b036        0x2 
 .text.SPI_WaitFlagStateUntilTimeout
                0x0800b038      0x110 ./Drivers/STM32F4xx_HAL_Driver/Src/stm32f4xx_hal_spi.o
 .text.SPI_EndRxTxTransaction
                0x0800b148       0xa8 ./Drivers/STM32F4xx_HAL_Driver/Src/stm32f4xx_hal_spi.o
 .text.HAL_TIM_Base_Init
                0x0800b1f0       0x9e ./Drivers/STM32F4xx_HAL_Driver/Src/stm32f4xx_hal_tim.o
                0x0800b1f0                HAL_TIM_Base_Init
 *fill*         0x0800b28e        0x2 
 .text.HAL_TIM_Base_Start_IT
                0x0800b290       0xc4 ./Drivers/STM32F4xx_HAL_Driver/Src/stm32f4xx_hal_tim.o
                0x0800b290                HAL_TIM_Base_Start_IT
 .text.HAL_TIM_Base_Stop_IT
                0x0800b354       0x5e ./Drivers/STM32F4xx_HAL_Driver/Src/stm32f4xx_hal_tim.o
                0x0800b354                HAL_TIM_Base_Stop_IT
 .text.HAL_TIM_PWM_Init
                0x0800b3b2       0x9e ./Drivers/STM32F4xx_HAL_Driver/Src/stm32f4xx_hal_tim.o
                0x0800b3b2                HAL_TIM_PWM_Init
 .text.HAL_TIM_PWM_Start
                0x0800b450      0x160 ./Drivers/STM32F4xx_HAL_Driver/Src/stm32f4xx_hal_tim.o
                0x0800b450                HAL_TIM_PWM_Start
 .text.HAL_TIM_PWM_Start_IT
                0x0800b5b0      0x1fc ./Drivers/STM32F4xx_HAL_Driver/Src/stm32f4xx_hal_tim.o
                0x0800b5b0                HAL_TIM_PWM_Start_IT
 .text.HAL_TIM_PWM_Stop_IT
                0x0800b7ac      0x164 ./Drivers/STM32F4xx_HAL_Driver/Src/stm32f4xx_hal_tim.o
                0x0800b7ac                HAL_TIM_PWM_Stop_IT
 .text.HAL_TIM_Encoder_Init
                0x0800b910      0x14c ./Drivers/STM32F4xx_HAL_Driver/Src/stm32f4xx_hal_tim.o
                0x0800b910                HAL_TIM_Encoder_Init
 .text.HAL_TIM_Encoder_Start
                0x0800ba5c      0x11c ./Drivers/STM32F4xx_HAL_Driver/Src/stm32f4xx_hal_tim.o
                0x0800ba5c                HAL_TIM_Encoder_Start
 .text.HAL_TIM_IRQHandler
                0x0800bb78      0x1e0 ./Drivers/STM32F4xx_HAL_Driver/Src/stm32f4xx_hal_tim.o
                0x0800bb78                HAL_TIM_IRQHandler
 .text.HAL_TIM_PWM_ConfigChannel
                0x0800bd58      0x184 ./Drivers/STM32F4xx_HAL_Driver/Src/stm32f4xx_hal_tim.o
                0x0800bd58                HAL_TIM_PWM_ConfigChannel
 .text.HAL_TIM_OC_DelayElapsedCallback
                0x0800bedc       0x14 ./Drivers/STM32F4xx_HAL_Driver/Src/stm32f4xx_hal_tim.o
                0x0800bedc                HAL_TIM_OC_DelayElapsedCallback
 .text.HAL_TIM_IC_CaptureCallback
                0x0800bef0       0x14 ./Drivers/STM32F4xx_HAL_Driver/Src/stm32f4xx_hal_tim.o
                0x0800bef0                HAL_TIM_IC_CaptureCallback
 .text.HAL_TIM_TriggerCallback
                0x0800bf04       0x14 ./Drivers/STM32F4xx_HAL_Driver/Src/stm32f4xx_hal_tim.o
                0x0800bf04                HAL_TIM_TriggerCallback
 .text.TIM_Base_SetConfig
                0x0800bf18      0x10c ./Drivers/STM32F4xx_HAL_Driver/Src/stm32f4xx_hal_tim.o
                0x0800bf18                TIM_Base_SetConfig
 .text.TIM_OC1_SetConfig
                0x0800c024       0xcc ./Drivers/STM32F4xx_HAL_Driver/Src/stm32f4xx_hal_tim.o
 .text.TIM_OC2_SetConfig
                0x0800c0f0       0xd8 ./Drivers/STM32F4xx_HAL_Driver/Src/stm32f4xx_hal_tim.o
                0x0800c0f0                TIM_OC2_SetConfig
 .text.TIM_OC3_SetConfig
                0x0800c1c8       0xd4 ./Drivers/STM32F4xx_HAL_Driver/Src/stm32f4xx_hal_tim.o
 .text.TIM_OC4_SetConfig
                0x0800c29c       0xa0 ./Drivers/STM32F4xx_HAL_Driver/Src/stm32f4xx_hal_tim.o
 .text.TIM_CCxChannelCmd
                0x0800c33c       0x4a ./Drivers/STM32F4xx_HAL_Driver/Src/stm32f4xx_hal_tim.o
                0x0800c33c                TIM_CCxChannelCmd
 *fill*         0x0800c386        0x2 
 .text.HAL_TIMEx_MasterConfigSynchronization
                0x0800c388       0xdc ./Drivers/STM32F4xx_HAL_Driver/Src/stm32f4xx_hal_tim_ex.o
                0x0800c388                HAL_TIMEx_MasterConfigSynchronization
 .text.HAL_TIMEx_ConfigBreakDeadTime
                0x0800c464       0xa4 ./Drivers/STM32F4xx_HAL_Driver/Src/stm32f4xx_hal_tim_ex.o
                0x0800c464                HAL_TIMEx_ConfigBreakDeadTime
 .text.HAL_TIMEx_CommutCallback
                0x0800c508       0x14 ./Drivers/STM32F4xx_HAL_Driver/Src/stm32f4xx_hal_tim_ex.o
                0x0800c508                HAL_TIMEx_CommutCallback
 .text.HAL_TIMEx_BreakCallback
                0x0800c51c       0x14 ./Drivers/STM32F4xx_HAL_Driver/Src/stm32f4xx_hal_tim_ex.o
                0x0800c51c                HAL_TIMEx_BreakCallback
 .text.HAL_UART_Init
                0x0800c530       0xa0 ./Drivers/STM32F4xx_HAL_Driver/Src/stm32f4xx_hal_uart.o
                0x0800c530                HAL_UART_Init
 .text.UART_SetConfig
                0x0800c5d0      0x4e8 ./Drivers/STM32F4xx_HAL_Driver/Src/stm32f4xx_hal_uart.o
 .text.malloc   0x0800cab8       0x10 C:/Program Files/STMicroelectronics/STM32CubeIDE/STM32CubeIDE/plugins/com.st.stm32cube.ide.mcu.externaltools.gnu-tools-for-stm32.13.3.rel1.win32_1.0.100.202509120712/tools/bin/../lib/gcc/arm-none-eabi/13.3.1/../../../../arm-none-eabi/lib/thumb/v7e-m+fp/hard\libc_nano.a(libc_a-malloc.o)
                0x0800cab8                malloc
 .text.free     0x0800cac8       0x10 C:/Program Files/STMicroelectronics/STM32CubeIDE/STM32CubeIDE/plugins/com.st.stm32cube.ide.mcu.externaltools.gnu-tools-for-stm32.13.3.rel1.win32_1.0.100.202509120712/tools/bin/../lib/gcc/arm-none-eabi/13.3.1/../../../../arm-none-eabi/lib/thumb/v7e-m+fp/hard\libc_nano.a(libc_a-malloc.o)
                0x0800cac8                free
 .text.sbrk_aligned
                0x0800cad8       0x44 C:/Program Files/STMicroelectronics/STM32CubeIDE/STM32CubeIDE/plugins/com.st.stm32cube.ide.mcu.externaltools.gnu-tools-for-stm32.13.3.rel1.win32_1.0.100.202509120712/tools/bin/../lib/gcc/arm-none-eabi/13.3.1/../../../../arm-none-eabi/lib/thumb/v7e-m+fp/hard\libc_nano.a(libc_a-mallocr.o)
 .text._malloc_r
                0x0800cb1c      0x100 C:/Program Files/STMicroelectronics/STM32CubeIDE/STM32CubeIDE/plugins/com.st.stm32cube.ide.mcu.externaltools.gnu-tools-for-stm32.13.3.rel1.win32_1.0.100.202509120712/tools/bin/../lib/gcc/arm-none-eabi/13.3.1/../../../../arm-none-eabi/lib/thumb/v7e-m+fp/hard\libc_nano.a(libc_a-mallocr.o)
                0x0800cb1c                _malloc_r
 .text.__malloc_lock
                0x0800cc1c        0xc C:/Program Files/STMicroelectronics/STM32CubeIDE/STM32CubeIDE/plugins/com.st.stm32cube.ide.mcu.externaltools.gnu-tools-for-stm32.13.3.rel1.win32_1.0.100.202509120712/tools/bin/../lib/gcc/arm-none-eabi/13.3.1/../../../../arm-none-eabi/lib/thumb/v7e-m+fp/hard\libc_nano.a(libc_a-mlock.o)
                0x0800cc1c                __malloc_lock
 .text.__malloc_unlock
                0x0800cc28        0xc C:/Program Files/STMicroelectronics/STM32CubeIDE/STM32CubeIDE/plugins/com.st.stm32cube.ide.mcu.externaltools.gnu-tools-for-stm32.13.3.rel1.win32_1.0.100.202509120712/tools/bin/../lib/gcc/arm-none-eabi/13.3.1/../../../../arm-none-eabi/lib/thumb/v7e-m+fp/hard\libc_nano.a(libc_a-mlock.o)
                0x0800cc28                __malloc_unlock
 .text.snprintf
                0x0800cc34       0x6c C:/Program Files/STMicroelectronics/STM32CubeIDE/STM32CubeIDE/plugins/com.st.stm32cube.ide.mcu.externaltools.gnu-tools-for-stm32.13.3.rel1.win32_1.0.100.202509120712/tools/bin/../lib/gcc/arm-none-eabi/13.3.1/../../../../arm-none-eabi/lib/thumb/v7e-m+fp/hard\libc_nano.a(libc_a-snprintf.o)
                0x0800cc34                sniprintf
                0x0800cc34                snprintf
 .text.memset   0x0800cca0       0x10 C:/Program Files/STMicroelectronics/STM32CubeIDE/STM32CubeIDE/plugins/com.st.stm32cube.ide.mcu.externaltools.gnu-tools-for-stm32.13.3.rel1.win32_1.0.100.202509120712/tools/bin/../lib/gcc/arm-none-eabi/13.3.1/../../../../arm-none-eabi/lib/thumb/v7e-m+fp/hard\libc_nano.a(libc_a-memset.o)
                0x0800cca0                memset
 .text._sbrk_r  0x0800ccb0       0x20 C:/Program Files/STMicroelectronics/STM32CubeIDE/STM32CubeIDE/plugins/com.st.stm32cube.ide.mcu.externaltools.gnu-tools-for-stm32.13.3.rel1.win32_1.0.100.202509120712/tools/bin/../lib/gcc/arm-none-eabi/13.3.1/../../../../arm-none-eabi/lib/thumb/v7e-m+fp/hard\libc_nano.a(libc_a-sbrkr.o)
                0x0800ccb0                _sbrk_r
 .text.__errno  0x0800ccd0        0xc C:/Program Files/STMicroelectronics/STM32CubeIDE/STM32CubeIDE/plugins/com.st.stm32cube.ide.mcu.externaltools.gnu-tools-for-stm32.13.3.rel1.win32_1.0.100.202509120712/tools/bin/../lib/gcc/arm-none-eabi/13.3.1/../../../../arm-none-eabi/lib/thumb/v7e-m+fp/hard\libc_nano.a(libc_a-errno.o)
                0x0800ccd0                __errno
 .text.__libc_init_array
                0x0800ccdc       0x48 C:/Program Files/STMicroelectronics/STM32CubeIDE/STM32CubeIDE/plugins/com.st.stm32cube.ide.mcu.externaltools.gnu-tools-for-stm32.13.3.rel1.win32_1.0.100.202509120712/tools/bin/../lib/gcc/arm-none-eabi/13.3.1/../../../../arm-none-eabi/lib/thumb/v7e-m+fp/hard\libc_nano.a(libc_a-init.o)
                0x0800ccdc                __libc_init_array
 .text.__retarget_lock_acquire_recursive
                0x0800cd24        0x2 C:/Program Files/STMicroelectronics/STM32CubeIDE/STM32CubeIDE/plugins/com.st.stm32cube.ide.mcu.externaltools.gnu-tools-for-stm32.13.3.rel1.win32_1.0.100.202509120712/tools/bin/../lib/gcc/arm-none-eabi/13.3.1/../../../../arm-none-eabi/lib/thumb/v7e-m+fp/hard\libc_nano.a(libc_a-lock.o)
                0x0800cd24                __retarget_lock_acquire_recursive
 .text.__retarget_lock_release_recursive
                0x0800cd26        0x2 C:/Program Files/STMicroelectronics/STM32CubeIDE/STM32CubeIDE/plugins/com.st.stm32cube.ide.mcu.externaltools.gnu-tools-for-stm32.13.3.rel1.win32_1.0.100.202509120712/tools/bin/../lib/gcc/arm-none-eabi/13.3.1/../../../../arm-none-eabi/lib/thumb/v7e-m+fp/hard\libc_nano.a(libc_a-lock.o)
                0x0800cd26                __retarget_lock_release_recursive
 .text._free_r  0x0800cd28       0x94 C:/Program Files/STMicroelectronics/STM32CubeIDE/STM32CubeIDE/plugins/com.st.stm32cube.ide.mcu.externaltools.gnu-tools-for-stm32.13.3.rel1.win32_1.0.100.202509120712/tools/bin/../lib/gcc/arm-none-eabi/13.3.1/../../../../arm-none-eabi/lib/thumb/v7e-m+fp/hard\libc_nano.a(libc_a-freer.o)
                0x0800cd28                _free_r
 .text.__ssputs_r
                0x0800cdbc       0xb6 C:/Program Files/STMicroelectronics/STM32CubeIDE/STM32CubeIDE/plugins/com.st.stm32cube.ide.mcu.externaltools.gnu-tools-for-stm32.13.3.rel1.win32_1.0.100.202509120712/tools/bin/../lib/gcc/arm-none-eabi/13.3.1/../../../../arm-none-eabi/lib/thumb/v7e-m+fp/hard\libc_nano.a(libc_a-nano-svfprintf.o)
                0x0800cdbc                __ssputs_r
 *fill*         0x0800ce72        0x2 
 .text._svfprintf_r
                0x0800ce74      0x1f8 C:/Program Files/STMicroelectronics/STM32CubeIDE/STM32CubeIDE/plugins/com.st.stm32cube.ide.mcu.externaltools.gnu-tools-for-stm32.13.3.rel1.win32_1.0.100.202509120712/tools/bin/../lib/gcc/arm-none-eabi/13.3.1/../../../../arm-none-eabi/lib/thumb/v7e-m+fp/hard\libc_nano.a(libc_a-nano-svfprintf.o)
                0x0800ce74                _svfiprintf_r
                0x0800ce74                _svfprintf_r
 .text._printf_common
                0x0800d06c       0xda C:/Program Files/STMicroelectronics/STM32CubeIDE/STM32CubeIDE/plugins/com.st.stm32cube.ide.mcu.externaltools.gnu-tools-for-stm32.13.3.rel1.win32_1.0.100.202509120712/tools/bin/../lib/gcc/arm-none-eabi/13.3.1/../../../../arm-none-eabi/lib/thumb/v7e-m+fp/hard\libc_nano.a(libc_a-nano-vfprintf_i.o)
                0x0800d06c                _printf_common
 *fill*         0x0800d146        0x2 
 .text._printf_i
                0x0800d148      0x23c C:/Program Files/STMicroelectronics/STM32CubeIDE/STM32CubeIDE/plugins/com.st.stm32cube.ide.mcu.externaltools.gnu-tools-for-stm32.13.3.rel1.win32_1.0.100.202509120712/tools/bin/../lib/gcc/arm-none-eabi/13.3.1/../../../../arm-none-eabi/lib/thumb/v7e-m+fp/hard\libc_nano.a(libc_a-nano-vfprintf_i.o)
                0x0800d148                _printf_i
 .text.memmove  0x0800d384       0x34 C:/Program Files/STMicroelectronics/STM32CubeIDE/STM32CubeIDE/plugins/com.st.stm32cube.ide.mcu.externaltools.gnu-tools-for-stm32.13.3.rel1.win32_1.0.100.202509120712/tools/bin/../lib/gcc/arm-none-eabi/13.3.1/../../../../arm-none-eabi/lib/thumb/v7e-m+fp/hard\libc_nano.a(libc_a-memmove.o)
                0x0800d384                memmove
 .text.memcpy   0x0800d3b8       0x1c C:/Program Files/STMicroelectronics/STM32CubeIDE/STM32CubeIDE/plugins/com.st.stm32cube.ide.mcu.externaltools.gnu-tools-for-stm32.13.3.rel1.win32_1.0.100.202509120712/tools/bin/../lib/gcc/arm-none-eabi/13.3.1/../../../../arm-none-eabi/lib/thumb/v7e-m+fp/hard\libc_nano.a(libc_a-memcpy-stub.o)
                0x0800d3b8                memcpy
 .text._realloc_r
                0x0800d3d4       0x5c C:/Program Files/STMicroelectronics/STM32CubeIDE/STM32CubeIDE/plugins/com.st.stm32cube.ide.mcu.externaltools.gnu-tools-for-stm32.13.3.rel1.win32_1.0.100.202509120712/tools/bin/../lib/gcc/arm-none-eabi/13.3.1/../../../../arm-none-eabi/lib/thumb/v7e-m+fp/hard\libc_nano.a(libc_a-reallocr.o)
                0x0800d3d4                _realloc_r
 .text._malloc_usable_size_r
                0x0800d430       0x10 C:/Program Files/STMicroelectronics/STM32CubeIDE/STM32CubeIDE/plugins/com.st.stm32cube.ide.mcu.externaltools.gnu-tools-for-stm32.13.3.rel1.win32_1.0.100.202509120712/tools/bin/../lib/gcc/arm-none-eabi/13.3.1/../../../../arm-none-eabi/lib/thumb/v7e-m+fp/hard\libc_nano.a(libc_a-msizer.o)
                0x0800d430                _malloc_usable_size_r
 .text.round    0x0800d440       0x8c C:/Program Files/STMicroelectronics/STM32CubeIDE/STM32CubeIDE/plugins/com.st.stm32cube.ide.mcu.externaltools.gnu-tools-for-stm32.13.3.rel1.win32_1.0.100.202509120712/tools/bin/../lib/gcc/arm-none-eabi/13.3.1/../../../../arm-none-eabi/lib/thumb/v7e-m+fp/hard\libm.a(libm_a-s_round.o)
                0x0800d440                round
 *(.glue_7)
 .glue_7        0x0800d4cc        0x0 linker stubs
 *(.glue_7t)
 .glue_7t       0x0800d4cc        0x0 linker stubs
 *(.eh_frame)
 .eh_frame      0x0800d4cc        0x0 C:/Program Files/STMicroelectronics/STM32CubeIDE/STM32CubeIDE/plugins/com.st.stm32cube.ide.mcu.externaltools.gnu-tools-for-stm32.13.3.rel1.win32_1.0.100.202509120712/tools/bin/../lib/gcc/arm-none-eabi/13.3.1/thumb/v7e-m+fp/hard/crtbegin.o
 *(.init)
 .init          0x0800d4cc        0x4 C:/Program Files/STMicroelectronics/STM32CubeIDE/STM32CubeIDE/plugins/com.st.stm32cube.ide.mcu.externaltools.gnu-tools-for-stm32.13.3.rel1.win32_1.0.100.202509120712/tools/bin/../lib/gcc/arm-none-eabi/13.3.1/thumb/v7e-m+fp/hard/crti.o
                0x0800d4cc                _init
 .init          0x0800d4d0        0x8 C:/Program Files/STMicroelectronics/STM32CubeIDE/STM32CubeIDE/plugins/com.st.stm32cube.ide.mcu.externaltools.gnu-tools-for-stm32.13.3.rel1.win32_1.0.100.202509120712/tools/bin/../lib/gcc/arm-none-eabi/13.3.1/thumb/v7e-m+fp/hard/crtn.o
 *(.fini)
 .fini          0x0800d4d8        0x4 C:/Program Files/STMicroelectronics/STM32CubeIDE/STM32CubeIDE/plugins/com.st.stm32cube.ide.mcu.externaltools.gnu-tools-for-stm32.13.3.rel1.win32_1.0.100.202509120712/tools/bin/../lib/gcc/arm-none-eabi/13.3.1/thumb/v7e-m+fp/hard/crti.o
                0x0800d4d8                _fini
 .fini          0x0800d4dc        0x8 C:/Program Files/STMicroelectronics/STM32CubeIDE/STM32CubeIDE/plugins/com.st.stm32cube.ide.mcu.externaltools.gnu-tools-for-stm32.13.3.rel1.win32_1.0.100.202509120712/tools/bin/../lib/gcc/arm-none-eabi/13.3.1/thumb/v7e-m+fp/hard/crtn.o
                0x0800d4e4                        . = ALIGN (0x4)
                0x0800d4e4                        _etext = .

.vfp11_veneer   0x0800d4e4        0x0
 .vfp11_veneer  0x0800d4e4        0x0 linker stubs

.v4_bx          0x0800d4e4        0x0
 .v4_bx         0x0800d4e4        0x0 linker stubs

.iplt           0x0800d4e4        0x0
 .iplt          0x0800d4e4        0x0 C:/Program Files/STMicroelectronics/STM32CubeIDE/STM32CubeIDE/plugins/com.st.stm32cube.ide.mcu.externaltools.gnu-tools-for-stm32.13.3.rel1.win32_1.0.100.202509120712/tools/bin/../lib/gcc/arm-none-eabi/13.3.1/thumb/v7e-m+fp/hard/crtbegin.o

.rodata         0x0800d4e4     0x3a00
                0x0800d4e4                        . = ALIGN (0x4)
 *(.rodata)
 .rodata        0x0800d4e4      0x4a0 ./Core/Src/main.o
 *(.rodata*)
 .rodata.Font7x10
                0x0800d984      0x76c ./Core/Inc/st7735/fonts.o
 .rodata.Font11x18
                0x0800e0f0      0xd5c ./Core/Inc/st7735/fonts.o
 .rodata.Font16x26
                0x0800ee4c     0x134c ./Core/Inc/st7735/fonts.o
 .rodata.init_cmds1
                0x08010198       0x3b ./Core/Inc/st7735/st7735.o
 *fill*         0x080101d3        0x1 
 .rodata.init_cmds2
                0x080101d4        0xd ./Core/Inc/st7735/st7735.o
 *fill*         0x080101e1        0x3 
 .rodata.init_cmds3
                0x080101e4       0x2b ./Core/Inc/st7735/st7735.o
 *fill*         0x0801020f        0x1 
 .rodata.IRON_20x40
                0x08010210      0x640 ./Core/Src/main.o
                0x08010210                IRON_20x40
 .rodata.SMD_20x40
                0x08010850      0x640 ./Core/Src/main.o
                0x08010850                SMD_20x40
 .rodata.AHBPrescTable
                0x08010e90       0x10 ./Core/Src/system_stm32f4xx.o
                0x08010e90                AHBPrescTable
 .rodata.APBPrescTable
                0x08010ea0        0x8 ./Core/Src/system_stm32f4xx.o
                0x08010ea0                APBPrescTable
 .rodata.flagBitshiftOffset.0
                0x08010ea8        0x8 ./Drivers/STM32F4xx_HAL_Driver/Src/stm32f4xx_hal_dma.o
 .rodata._svfprintf_r.str1.1
                0x08010eb0       0x33 C:/Program Files/STMicroelectronics/STM32CubeIDE/STM32CubeIDE/plugins/com.st.stm32cube.ide.mcu.externaltools.gnu-tools-for-stm32.13.3.rel1.win32_1.0.100.202509120712/tools/bin/../lib/gcc/arm-none-eabi/13.3.1/../../../../arm-none-eabi/lib/thumb/v7e-m+fp/hard\libc_nano.a(libc_a-nano-svfprintf.o)
                                 0x11 (size before relaxing)
 .rodata._printf_i.str1.1
                0x08010ee3        0x0 C:/Program Files/STMicroelectronics/STM32CubeIDE/STM32CubeIDE/plugins/com.st.stm32cube.ide.mcu.externaltools.gnu-tools-for-stm32.13.3.rel1.win32_1.0.100.202509120712/tools/bin/../lib/gcc/arm-none-eabi/13.3.1/../../../../arm-none-eabi/lib/thumb/v7e-m+fp/hard\libc_nano.a(libc_a-nano-vfprintf_i.o)
                                 0x22 (size before relaxing)
                0x08010ee4                        . = ALIGN (0x4)
 *fill*         0x08010ee3        0x1 

.ARM.extab      0x08010ee4        0x0
                0x08010ee4                        . = ALIGN (0x4)
 *(.ARM.extab* .gnu.linkonce.armextab.*)
                0x08010ee4                        . = ALIGN (0x4)

.ARM            0x08010ee4        0x8
                0x08010ee4                        . = ALIGN (0x4)
                0x08010ee4                        __exidx_start = .
 *(.ARM.exidx*)
 .ARM.exidx     0x08010ee4        0x8 C:/Program Files/STMicroelectronics/STM32CubeIDE/STM32CubeIDE/plugins/com.st.stm32cube.ide.mcu.externaltools.gnu-tools-for-stm32.13.3.rel1.win32_1.0.100.202509120712/tools/bin/../lib/gcc/arm-none-eabi/13.3.1/../../../../arm-none-eabi/lib/thumb/v7e-m+fp/hard\libc_nano.a(libc_a-memchr.o)
 .ARM.exidx     0x08010eec        0x0 C:/Program Files/STMicroelectronics/STM32CubeIDE/STM32CubeIDE/plugins/com.st.stm32cube.ide.mcu.externaltools.gnu-tools-for-stm32.13.3.rel1.win32_1.0.100.202509120712/tools/bin/../lib/gcc/arm-none-eabi/13.3.1/thumb/v7e-m+fp/hard\libgcc.a(_udivmoddi4.o)
                                  0x8 (size before relaxing)
                0x08010eec                        __exidx_end = .
                0x08010eec                        . = ALIGN (0x4)

.preinit_array  0x08010eec        0x0
                0x08010eec                        . = ALIGN (0x4)
                0x08010eec                        PROVIDE (__preinit_array_start = .)
 *(.preinit_array*)
                0x08010eec                        PROVIDE (__preinit_array_end = .)
                0x08010eec                        . = ALIGN (0x4)

.init_array     0x08010eec        0x4
                0x08010eec                        . = ALIGN (0x4)
                0x08010eec                        PROVIDE (__init_array_start = .)
 *(SORT_BY_NAME(.init_array.*))
 *(.init_array*)
 .init_array    0x08010eec        0x4 C:/Program Files/STMicroelectronics/STM32CubeIDE/STM32CubeIDE/plugins/com.st.stm32cube.ide.mcu.externaltools.gnu-tools-for-stm32.13.3.rel1.win32_1.0.100.202509120712/tools/bin/../lib/gcc/arm-none-eabi/13.3.1/thumb/v7e-m+fp/hard/crtbegin.o
                0x08010ef0                        PROVIDE (__init_array_end = .)
                0x08010ef0                        . = ALIGN (0x4)

.fini_array     0x08010ef0        0x4
                0x08010ef0                        . = ALIGN (0x4)
                [!provide]                        PROVIDE (__fini_array_start = .)
 *(SORT_BY_NAME(.fini_array.*))
 *(.fini_array*)
 .fini_array    0x08010ef0        0x4 C:/Program Files/STMicroelectronics/STM32CubeIDE/STM32CubeIDE/plugins/com.st.stm32cube.ide.mcu.externaltools.gnu-tools-for-stm32.13.3.rel1.win32_1.0.100.202509120712/tools/bin/../lib/gcc/arm-none-eabi/13.3.1/thumb/v7e-m+fp/hard/crtbegin.o
                [!provide]                        PROVIDE (__fini_array_end = .)
                0x08010ef4                        . = ALIGN (0x4)
                0x08010ef4                        _sidata = LOADADDR (.data)

.rel.dyn        0x08010ef4        0x0
 .rel.iplt      0x08010ef4        0x0 C:/Program Files/STMicroelectronics/STM32CubeIDE/STM32CubeIDE/plugins/com.st.stm32cube.ide.mcu.externaltools.gnu-tools-for-stm32.13.3.rel1.win32_1.0.100.202509120712/tools/bin/../lib/gcc/arm-none-eabi/13.3.1/thumb/v7e-m+fp/hard/crtbegin.o

.data           0x20000000      0x324 load address 0x08010ef4
                0x20000000                        . = ALIGN (0x4)
                0x20000000                        _sdata = .
 *(.data)
 *(.data*)
 .data.__GET_PORT
                0x20000000       0x40 ./Core/Inc/BUTTONS/buttons.o
 .data.__GET_IRQ
                0x20000040       0x10 ./Core/Inc/BUTTONS/buttons.o
 .data.Font_7x10
                0x20000050        0x8 ./Core/Inc/st7735/fonts.o
                0x20000050                Font_7x10
 .data.Font_11x18
                0x20000058        0x8 ./Core/Inc/st7735/fonts.o
                0x20000058                Font_11x18
 .data.Font_16x26
                0x20000060        0x8 ./Core/Inc/st7735/fonts.o
                0x20000060                Font_16x26
 .data.COMMON_NTC_10K_B3435
                0x20000068       0x74 ./Core/Src/main.o
                0x20000068                COMMON_NTC_10K_B3435
 .data.COMMON_NTC_10K_B3950
                0x200000dc       0x74 ./Core/Src/main.o
                0x200000dc                COMMON_NTC_10K_B3950
 .data.COMMON_NTC_10K_B3988
                0x20000150       0x74 ./Core/Src/main.o
                0x20000150                COMMON_NTC_10K_B3988
 .data.MF52AT_10K_B3950
                0x200001c4       0x74 ./Core/Src/main.o
                0x200001c4                MF52AT_10K_B3950
 .data.flag_changeMenu
                0x20000238        0x1 ./Core/Src/main.o
                0x20000238                flag_changeMenu
 .data.flag_IRON_no_tool
                0x20000239        0x1 ./Core/Src/main.o
                0x20000239                flag_IRON_no_tool
 .data.flag_HOTAIR_no_tool
                0x2000023a        0x1 ./Core/Src/main.o
                0x2000023a                flag_HOTAIR_no_tool
 .data.flag_change_IRON_tool
                0x2000023b        0x1 ./Core/Src/main.o
                0x2000023b                flag_change_IRON_tool
 .data.flag_change_HOTAIR_tool
                0x2000023c        0x1 ./Core/Src/main.o
                0x2000023c                flag_change_HOTAIR_tool
 .data.flag_reload_TIM3
                0x2000023d        0x1 ./Core/Src/main.o
                0x2000023d                flag_reload_TIM3
 .data.flag_reload_TIM4
                0x2000023e        0x1 ./Core/Src/main.o
                0x2000023e                flag_reload_TIM4
 *fill*         0x2000023f        0x1 
 .data.tim1_ARR
                0x20000240        0x2 ./Core/Src/main.o
                0x20000240                tim1_ARR
 .data.tim2_ARR
                0x20000242        0x2 ./Core/Src/main.o
                0x20000242                tim2_ARR
 .data.tim5_ARR
                0x20000244        0x2 ./Core/Src/main.o
                0x20000244                tim5_ARR
 .data.menu     0x20000246        0x1 ./Core/Src/main.o
                0x20000246                menu
 *fill*         0x20000247        0x1 
 .data.K_adc    0x20000248        0x4 ./Core/Src/main.o
                0x20000248                K_adc
 .data.DEF_IRON
                0x2000024c       0x12 ./Core/Src/main.o
                0x2000024c                DEF_IRON
 *fill*         0x2000025e        0x2 
 .data.DEF_HOTAIR
                0x20000260       0x12 ./Core/Src/main.o
                0x20000260                DEF_HOTAIR
 *fill*         0x20000272        0x2 
 .data.DEF_HW_SET
                0x20000274       0x12 ./Core/Src/main.o
                0x20000274                DEF_HW_SET
 *fill*         0x20000286        0x2 
 .data.DEF_CAL_TABLE_IRON
                0x20000288       0x14 ./Core/Src/main.o
                0x20000288                DEF_CAL_TABLE_IRON
 .data.DEF_CAL_TABLE_HOTAIR
                0x2000029c       0x14 ./Core/Src/main.o
                0x2000029c                DEF_CAL_TABLE_HOTAIR
 .data.DEF_IRON_presets
                0x200002b0        0xc ./Core/Src/main.o
                0x200002b0                DEF_IRON_presets
 .data.DEF_HOTAIR_presets
                0x200002bc        0xc ./Core/Src/main.o
                0x200002bc                DEF_HOTAIR_presets
 .data.SystemCoreClock
                0x200002c8        0x4 ./Core/Src/system_stm32f4xx.o
                0x200002c8                SystemCoreClock
 .data.uwTickPrio
                0x200002cc        0x4 ./Drivers/STM32F4xx_HAL_Driver/Src/stm32f4xx_hal.o
                0x200002cc                uwTickPrio
 .data.uwTickFreq
                0x200002d0        0x1 ./Drivers/STM32F4xx_HAL_Driver/Src/stm32f4xx_hal.o
                0x200002d0                uwTickFreq
 *fill*         0x200002d1        0x3 
 .data._impure_ptr
                0x200002d4        0x4 C:/Program Files/STMicroelectronics/STM32CubeIDE/STM32CubeIDE/plugins/com.st.stm32cube.ide.mcu.externaltools.gnu-tools-for-stm32.13.3.rel1.win32_1.0.100.202509120712/tools/bin/../lib/gcc/arm-none-eabi/13.3.1/../../../../arm-none-eabi/lib/thumb/v7e-m+fp/hard\libc_nano.a(libc_a-impure.o)
                0x200002d4                _impure_ptr
 .data._impure_data
                0x200002d8       0x4c C:/Program Files/STMicroelectronics/STM32CubeIDE/STM32CubeIDE/plugins/com.st.stm32cube.ide.mcu.externaltools.gnu-tools-for-stm32.13.3.rel1.win32_1.0.100.202509120712/tools/bin/../lib/gcc/arm-none-eabi/13.3.1/../../../../arm-none-eabi/lib/thumb/v7e-m+fp/hard\libc_nano.a(libc_a-impure.o)
                0x200002d8                _impure_data
 *(.RamFunc)
 *(.RamFunc*)
                0x20000324                        . = ALIGN (0x4)
                0x20000324                        _edata = .

.igot.plt       0x20000324        0x0 load address 0x08011218
 .igot.plt      0x20000324        0x0 C:/Program Files/STMicroelectronics/STM32CubeIDE/STM32CubeIDE/plugins/com.st.stm32cube.ide.mcu.externaltools.gnu-tools-for-stm32.13.3.rel1.win32_1.0.100.202509120712/tools/bin/../lib/gcc/arm-none-eabi/13.3.1/thumb/v7e-m+fp/hard/crtbegin.o
                0x20000324                        . = ALIGN (0x4)

.bss            0x20000324      0x798 load address 0x08011218
                0x20000324                        _sbss = .
                0x20000324                        __bss_start__ = _sbss
 *(.bss)
 .bss           0x20000324       0x1c C:/Program Files/STMicroelectronics/STM32CubeIDE/STM32CubeIDE/plugins/com.st.stm32cube.ide.mcu.externaltools.gnu-tools-for-stm32.13.3.rel1.win32_1.0.100.202509120712/tools/bin/../lib/gcc/arm-none-eabi/13.3.1/thumb/v7e-m+fp/hard/crtbegin.o
 *(.bss*)
 .bss.flag_IT_IRQ
                0x20000340        0x1 ./Core/Inc/BUTTONS/buttons.o
                0x20000340                flag_IT_IRQ
 .bss.flag_state_button
                0x20000341        0x1 ./Core/Inc/BUTTONS/buttons.o
                0x20000341                flag_state_button
 .bss.flag_longpress
                0x20000342        0x1 ./Core/Inc/BUTTONS/buttons.o
                0x20000342                flag_longpress
 *fill*         0x20000343        0x1 
 .bss.menu_button_PIN
                0x20000344        0x2 ./Core/Inc/BUTTONS/buttons.o
                0x20000344                menu_button_PIN
 *fill*         0x20000346        0x2 
 .bss.menu_button_PORT
                0x20000348        0x4 ./Core/Inc/BUTTONS/buttons.o
                0x20000348                menu_button_PORT
 .bss.menu_button_IQR
                0x2000034c        0x1 ./Core/Inc/BUTTONS/buttons.o
                0x2000034c                menu_button_IQR
 *fill*         0x2000034d        0x3 
 .bss.time_stamp_IRQ
                0x20000350        0x4 ./Core/Inc/BUTTONS/buttons.o
                0x20000350                time_stamp_IRQ
 .bss.hadc1     0x20000354       0x48 ./Core/Src/adc.o
                0x20000354                hadc1
 .bss.hdma_adc1
                0x2000039c       0x60 ./Core/Src/adc.o
                0x2000039c                hdma_adc1
 .bss.hi2c1     0x200003fc       0x54 ./Core/Src/i2c.o
                0x200003fc                hi2c1
 .bss.flag_IRON_on
                0x20000450        0x1 ./Core/Src/main.o
                0x20000450                flag_IRON_on
 .bss.flag_HOTAIR_on
                0x20000451        0x1 ./Core/Src/main.o
                0x20000451                flag_HOTAIR_on
 .bss.flag_IRON_select_fun
                0x20000452        0x1 ./Core/Src/main.o
                0x20000452                flag_IRON_select_fun
 .bss.flag_HOTAIR_select_fun
                0x20000453        0x1 ./Core/Src/main.o
                0x20000453                flag_HOTAIR_select_fun
 .bss.flag_IT_DMA
                0x20000454        0x1 ./Core/Src/main.o
                0x20000454                flag_IT_DMA
 .bss.flag_change_IRON_preset
                0x20000455        0x1 ./Core/Src/main.o
                0x20000455                flag_change_IRON_preset
 .bss.flag_change_HOTAIR_preset
                0x20000456        0x1 ./Core/Src/main.o
                0x20000456                flag_change_HOTAIR_preset
 .bss.flag_TIM5_Pulse_Start
                0x20000457        0x1 ./Core/Src/main.o
                0x20000457                flag_TIM5_Pulse_Start
 .bss.flag_ADC_Start
                0x20000458        0x1 ./Core/Src/main.o
                0x20000458                flag_ADC_Start
 .bss.flag_ADC_need_restart
                0x20000459        0x1 ./Core/Src/main.o
                0x20000459                flag_ADC_need_restart
 .bss.flag_IRON_hold
                0x2000045a        0x1 ./Core/Src/main.o
                0x2000045a                flag_IRON_hold
 .bss.flag_IRON_off
                0x2000045b        0x1 ./Core/Src/main.o
                0x2000045b                flag_IRON_off
 .bss.flag_IRON_WAKEUP
                0x2000045c        0x1 ./Core/Src/main.o
                0x2000045c                flag_IRON_WAKEUP
 .bss.flag_IRON_NTC
                0x2000045d        0x1 ./Core/Src/main.o
                0x2000045d                flag_IRON_NTC
 .bss.flag_HOTAIR_hold
                0x2000045e        0x1 ./Core/Src/main.o
                0x2000045e                flag_HOTAIR_hold
 .bss.flag_HOTAIR_off
                0x2000045f        0x1 ./Core/Src/main.o
                0x2000045f                flag_HOTAIR_off
 .bss.flag_HOTAIR_WAKEUP
                0x20000460        0x1 ./Core/Src/main.o
                0x20000460                flag_HOTAIR_WAKEUP
 .bss.flag_HOTAIR_NTC
                0x20000461        0x1 ./Core/Src/main.o
                0x20000461                flag_HOTAIR_NTC
 .bss.IRON_ext_sensor
                0x20000462        0x1 ./Core/Src/main.o
                0x20000462                IRON_ext_sensor
 .bss.flag_update_UI
                0x20000463        0x1 ./Core/Src/main.o
                0x20000463                flag_update_UI
 .bss.flag_IRON_preheat_start
                0x20000464        0x1 ./Core/Src/main.o
                0x20000464                flag_IRON_preheat_start
 .bss.flag_IRON_preheat
                0x20000465        0x1 ./Core/Src/main.o
                0x20000465                flag_IRON_preheat
 .bss.flag_EEPROM_IRON_SETTINGS_OK
                0x20000466        0x1 ./Core/Src/main.o
                0x20000466                flag_EEPROM_IRON_SETTINGS_OK
 .bss.flag_EEPROM_HOTAIR_SETTINGS_OK
                0x20000467        0x1 ./Core/Src/main.o
                0x20000467                flag_EEPROM_HOTAIR_SETTINGS_OK
 .bss.flag_EEPROM_HW_SETTINGS_OK
                0x20000468        0x1 ./Core/Src/main.o
                0x20000468                flag_EEPROM_HW_SETTINGS_OK
 .bss.flag_EEPROM_IRON_TOOLS_OK
                0x20000469        0x1 ./Core/Src/main.o
                0x20000469                flag_EEPROM_IRON_TOOLS_OK
 .bss.flag_EEPROM_HOTAIR_TOOLS_OK
                0x2000046a        0x1 ./Core/Src/main.o
                0x2000046a                flag_EEPROM_HOTAIR_TOOLS_OK
 .bss.flag_EEPROM_IRON_PRESETS_OK
                0x2000046b        0x1 ./Core/Src/main.o
                0x2000046b                flag_EEPROM_IRON_PRESETS_OK
 .bss.flag_EEPROM_HOTAIR_PRESETS_OK
                0x2000046c        0x1 ./Core/Src/main.o
                0x2000046c                flag_EEPROM_HOTAIR_PRESETS_OK
 .bss.flag_write_IRON_settings
                0x2000046d        0x1 ./Core/Src/main.o
                0x2000046d                flag_write_IRON_settings
 .bss.flag_write_HOTAIR_settings
                0x2000046e        0x1 ./Core/Src/main.o
                0x2000046e                flag_write_HOTAIR_settings
 .bss.flag_write_HW_settings
                0x2000046f        0x1 ./Core/Src/main.o
                0x2000046f                flag_write_HW_settings
 .bss.flag_write_IRON_tools
                0x20000470        0x1 ./Core/Src/main.o
                0x20000470                flag_write_IRON_tools
 .bss.flag_write_HOTAIR_tools
                0x20000471        0x1 ./Core/Src/main.o
                0x20000471                flag_write_HOTAIR_tools
 .bss.flag_write_IRON_presets
                0x20000472        0x1 ./Core/Src/main.o
                0x20000472                flag_write_IRON_presets
 .bss.flag_write_HOTAIR_presets
                0x20000473        0x1 ./Core/Src/main.o
                0x20000473                flag_write_HOTAIR_presets
 .bss.TX_Buffer
                0x20000474       0x40 ./Core/Src/main.o
                0x20000474                TX_Buffer
 .bss.ee24      0x200004b4        0x8 ./Core/Src/main.o
                0x200004b4                ee24
 .bss.selected_item
                0x200004bc        0x1 ./Core/Src/main.o
                0x200004bc                selected_item
 *fill*         0x200004bd        0x1 
 .bss.selected_sub_menu_settings
                0x200004be        0x2 ./Core/Src/main.o
                0x200004be                selected_sub_menu_settings
 .bss.IRON_preset_number
                0x200004c0        0x1 ./Core/Src/main.o
                0x200004c0                IRON_preset_number
 .bss.HOTAIR_preset_number
                0x200004c1        0x1 ./Core/Src/main.o
                0x200004c1                HOTAIR_preset_number
 .bss.IRON_tool_number
                0x200004c2        0x1 ./Core/Src/main.o
                0x200004c2                IRON_tool_number
 *fill*         0x200004c3        0x1 
 .bss.selected_tool
                0x200004c4        0x2 ./Core/Src/main.o
                0x200004c4                selected_tool
 .bss.calibration_correction
                0x200004c6        0x1 ./Core/Src/main.o
                0x200004c6                calibration_correction
 *fill*         0x200004c7        0x1 
 .bss.IT_SLEEP_count_IRON
                0x200004c8        0x2 ./Core/Src/main.o
                0x200004c8                IT_SLEEP_count_IRON
 .bss.IT_SLEEP_count_HOTAIR
                0x200004ca        0x2 ./Core/Src/main.o
                0x200004ca                IT_SLEEP_count_HOTAIR
 .bss.IRON_MAX_ADC_count
                0x200004cc        0x1 ./Core/Src/main.o
                0x200004cc                IRON_MAX_ADC_count
 .bss.HOTAIR_MAX_ADC_count
                0x200004cd        0x1 ./Core/Src/main.o
                0x200004cd                HOTAIR_MAX_ADC_count
 *fill*         0x200004ce        0x2 
 .bss.adc       0x200004d0       0x10 ./Core/Src/main.o
                0x200004d0                adc
 .bss.adc_filtered
                0x200004e0       0x10 ./Core/Src/main.o
                0x200004e0                adc_filtered
 .bss.ADC_values
                0x200004f0       0x40 ./Core/Src/main.o
                0x200004f0                ADC_values
 .bss.temperature_IRON_TC
                0x20000530        0x4 ./Core/Src/main.o
                0x20000530                temperature_IRON_TC
 .bss.temperature_HOTAIR_TC
                0x20000534        0x4 ./Core/Src/main.o
                0x20000534                temperature_HOTAIR_TC
 .bss.temperature_ONBOARD_NTC
                0x20000538        0x4 ./Core/Src/main.o
                0x20000538                temperature_ONBOARD_NTC
 .bss.temperature_IRON_NTC
                0x2000053c        0x4 ./Core/Src/main.o
                0x2000053c                temperature_IRON_NTC
 .bss.temperature_HOTAIR_NTC
                0x20000540        0x4 ./Core/Src/main.o
                0x20000540                temperature_HOTAIR_NTC
 .bss.voltage24
                0x20000544        0x4 ./Core/Src/main.o
                0x20000544                voltage24
 .bss.IRON_amperage
                0x20000548        0x4 ./Core/Src/main.o
                0x20000548                IRON_amperage
 .bss.IRON_set_temp
                0x2000054c        0x2 ./Core/Src/main.o
                0x2000054c                IRON_set_temp
 .bss.IRON_set_temp_RR
                0x2000054e        0x2 ./Core/Src/main.o
                0x2000054e                IRON_set_temp_RR
 .bss.IRON_real_temp
                0x20000550        0x4 ./Core/Src/main.o
                0x20000550                IRON_real_temp
 .bss.IRON_blow
                0x20000554        0x2 ./Core/Src/main.o
                0x20000554                IRON_blow
 .bss.HOTAIR_set_temp
                0x20000556        0x2 ./Core/Src/main.o
                0x20000556                HOTAIR_set_temp
 .bss.HOTAIR_set_temp_RR
                0x20000558        0x2 ./Core/Src/main.o
                0x20000558                HOTAIR_set_temp_RR
 *fill*         0x2000055a        0x2 
 .bss.HOTAIR_real_temp
                0x2000055c        0x4 ./Core/Src/main.o
                0x2000055c                HOTAIR_real_temp
 .bss.HOTAIR_blow
                0x20000560        0x2 ./Core/Src/main.o
                0x20000560                HOTAIR_blow
 *fill*         0x20000562        0x2 
 .bss.time_stamp
                0x20000564        0x4 ./Core/Src/main.o
                0x20000564                time_stamp
 .bss.IRON      0x20000568       0x12 ./Core/Src/main.o
                0x20000568                IRON
 *fill*         0x2000057a        0x2 
 .bss.HOTAIR    0x2000057c       0x12 ./Core/Src/main.o
                0x2000057c                HOTAIR
 *fill*         0x2000058e        0x2 
 .bss.HW_SET    0x20000590       0x12 ./Core/Src/main.o
                0x20000590                HW_SET
 *fill*         0x200005a2        0x2 
 .bss.IRON_presets
                0x200005a4        0xc ./Core/Src/main.o
                0x200005a4                IRON_presets
 .bss.HOTAIR_presets
                0x200005b0        0xc ./Core/Src/main.o
                0x200005b0                HOTAIR_presets
 .bss.IRON_tools
                0x200005bc       0x82 ./Core/Src/main.o
                0x200005bc                IRON_tools
 *fill*         0x2000063e        0x2 
 .bss.HOTAIR_tools
                0x20000640       0x1a ./Core/Src/main.o
                0x20000640                HOTAIR_tools
 *fill*         0x2000065a        0x2 
 .bss.PID_IRON  0x2000065c       0x3c ./Core/Src/main.o
                0x2000065c                PID_IRON
 .bss.PID_HOTAIR
                0x20000698       0x3c ./Core/Src/main.o
                0x20000698                PID_HOTAIR
 .bss.hspi1     0x200006d4       0x58 ./Core/Src/spi.o
                0x200006d4                hspi1
 .bss.__sbrk_heap_end
                0x2000072c        0x4 ./Core/Src/sysmem.o
 .bss.htim1     0x20000730       0x48 ./Core/Src/tim.o
                0x20000730                htim1
 .bss.htim2     0x20000778       0x48 ./Core/Src/tim.o
                0x20000778                htim2
 .bss.htim3     0x200007c0       0x48 ./Core/Src/tim.o
                0x200007c0                htim3
 .bss.htim4     0x20000808       0x48 ./Core/Src/tim.o
                0x20000808                htim4
 .bss.htim5     0x20000850       0x48 ./Core/Src/tim.o
                0x20000850                htim5
 .bss.htim10    0x20000898       0x48 ./Core/Src/tim.o
                0x20000898                htim10
 .bss.htim11    0x200008e0       0x48 ./Core/Src/tim.o
                0x200008e0                htim11
 .bss.huart6    0x20000928       0x48 ./Core/Src/usart.o
                0x20000928                huart6
 .bss.uwTick    0x20000970        0x4 ./Drivers/STM32F4xx_HAL_Driver/Src/stm32f4xx_hal.o
                0x20000970                uwTick
 .bss.__malloc_sbrk_start
                0x20000974        0x4 C:/Program Files/STMicroelectronics/STM32CubeIDE/STM32CubeIDE/plugins/com.st.stm32cube.ide.mcu.externaltools.gnu-tools-for-stm32.13.3.rel1.win32_1.0.100.202509120712/tools/bin/../lib/gcc/arm-none-eabi/13.3.1/../../../../arm-none-eabi/lib/thumb/v7e-m+fp/hard\libc_nano.a(libc_a-mallocr.o)
                0x20000974                __malloc_sbrk_start
 .bss.__malloc_free_list
                0x20000978        0x4 C:/Program Files/STMicroelectronics/STM32CubeIDE/STM32CubeIDE/plugins/com.st.stm32cube.ide.mcu.externaltools.gnu-tools-for-stm32.13.3.rel1.win32_1.0.100.202509120712/tools/bin/../lib/gcc/arm-none-eabi/13.3.1/../../../../arm-none-eabi/lib/thumb/v7e-m+fp/hard\libc_nano.a(libc_a-mallocr.o)
                0x20000978                __malloc_free_list
 .bss.__sf      0x2000097c      0x138 C:/Program Files/STMicroelectronics/STM32CubeIDE/STM32CubeIDE/plugins/com.st.stm32cube.ide.mcu.externaltools.gnu-tools-for-stm32.13.3.rel1.win32_1.0.100.202509120712/tools/bin/../lib/gcc/arm-none-eabi/13.3.1/../../../../arm-none-eabi/lib/thumb/v7e-m+fp/hard\libc_nano.a(libc_a-findfp.o)
                0x2000097c                __sf
 .bss.errno     0x20000ab4        0x4 C:/Program Files/STMicroelectronics/STM32CubeIDE/STM32CubeIDE/plugins/com.st.stm32cube.ide.mcu.externaltools.gnu-tools-for-stm32.13.3.rel1.win32_1.0.100.202509120712/tools/bin/../lib/gcc/arm-none-eabi/13.3.1/../../../../arm-none-eabi/lib/thumb/v7e-m+fp/hard\libc_nano.a(libc_a-reent.o)
                0x20000ab4                errno
 .bss.__lock___malloc_recursive_mutex
                0x20000ab8        0x1 C:/Program Files/STMicroelectronics/STM32CubeIDE/STM32CubeIDE/plugins/com.st.stm32cube.ide.mcu.externaltools.gnu-tools-for-stm32.13.3.rel1.win32_1.0.100.202509120712/tools/bin/../lib/gcc/arm-none-eabi/13.3.1/../../../../arm-none-eabi/lib/thumb/v7e-m+fp/hard\libc_nano.a(libc_a-lock.o)
                0x20000ab8                __lock___malloc_recursive_mutex
 *(COMMON)
                0x20000abc                        . = ALIGN (0x4)
 *fill*         0x20000ab9        0x3 
                0x20000abc                        _ebss = .
                0x20000abc                        __bss_end__ = _ebss

._user_heap_stack
                0x20000abc      0xc04 load address 0x08011218
                0x20000ac0                        . = ALIGN (0x8)
 *fill*         0x20000abc        0x4 
                [!provide]                        PROVIDE (end = .)
                0x20000ac0                        PROVIDE (_end = .)
                0x20000ec0                        . = (. + _Min_Heap_Size)
 *fill*         0x20000ac0      0x400 
                0x200016c0                        . = (. + _Min_Stack_Size)
 *fill*         0x20000ec0      0x800 
                0x200016c0                        . = ALIGN (0x8)

/DISCARD/
 libc.a(*)
 libm.a(*)
 libgcc.a(*)

.ARM.attributes
                0x00000000       0x30
 *(.ARM.attributes)
 .ARM.attributes
                0x00000000       0x22 C:/Program Files/STMicroelectronics/STM32CubeIDE/STM32CubeIDE/plugins/com.st.stm32cube.ide.mcu.externaltools.gnu-tools-for-stm32.13.3.rel1.win32_1.0.100.202509120712/tools/bin/../lib/gcc/arm-none-eabi/13.3.1/thumb/v7e-m+fp/hard/crti.o
 .ARM.attributes
                0x00000022       0x34 C:/Program Files/STMicroelectronics/STM32CubeIDE/STM32CubeIDE/plugins/com.st.stm32cube.ide.mcu.externaltools.gnu-tools-for-stm32.13.3.rel1.win32_1.0.100.202509120712/tools/bin/../lib/gcc/arm-none-eabi/13.3.1/thumb/v7e-m+fp/hard/crtbegin.o
 .ARM.attributes
                0x00000056       0x34 ./Core/Inc/24CXX/ee24.o
 .ARM.attributes
                0x0000008a       0x34 ./Core/Inc/ADCconverter/ADCconverter.o
 .ARM.attributes
                0x000000be       0x34 ./Core/Inc/BUTTONS/buttons.o
 .ARM.attributes
                0x000000f2       0x34 ./Core/Inc/PID/PID.o
 .ARM.attributes
                0x00000126       0x34 ./Core/Inc/RingBuffer/ring_buffer.o
 .ARM.attributes
                0x0000015a       0x34 ./Core/Inc/st7735/fonts.o
 .ARM.attributes
                0x0000018e       0x34 ./Core/Inc/st7735/st7735.o
 .ARM.attributes
                0x000001c2       0x34 ./Core/Src/adc.o
 .ARM.attributes
                0x000001f6       0x34 ./Core/Src/dma.o
 .ARM.attributes
                0x0000022a       0x34 ./Core/Src/gpio.o
 .ARM.attributes
                0x0000025e       0x34 ./Core/Src/i2c.o
 .ARM.attributes
                0x00000292       0x34 ./Core/Src/main.o
 .ARM.attributes
                0x000002c6       0x34 ./Core/Src/spi.o
 .ARM.attributes
                0x000002fa       0x34 ./Core/Src/stm32f4xx_hal_msp.o
 .ARM.attributes
                0x0000032e       0x34 ./Core/Src/stm32f4xx_it.o
 .ARM.attributes
                0x00000362       0x34 ./Core/Src/sysmem.o
 .ARM.attributes
                0x00000396       0x34 ./Core/Src/system_stm32f4xx.o
 .ARM.attributes
                0x000003ca       0x34 ./Core/Src/tim.o
 .ARM.attributes
                0x000003fe       0x34 ./Core/Src/usart.o
 .ARM.attributes
                0x00000432       0x21 ./Core/Startup/startup_stm32f401rctx.o
 .ARM.attributes
                0x00000453       0x34 ./Drivers/STM32F4xx_HAL_Driver/Src/stm32f4xx_hal.o
 .ARM.attributes
                0x00000487       0x34 ./Drivers/STM32F4xx_HAL_Driver/Src/stm32f4xx_hal_adc.o
 .ARM.attributes
                0x000004bb       0x34 ./Drivers/STM32F4xx_HAL_Driver/Src/stm32f4xx_hal_cortex.o
 .ARM.attributes
                0x000004ef       0x34 ./Drivers/STM32F4xx_HAL_Driver/Src/stm32f4xx_hal_dma.o
 .ARM.attributes
                0x00000523       0x34 ./Drivers/STM32F4xx_HAL_Driver/Src/stm32f4xx_hal_gpio.o
 .ARM.attributes
                0x00000557       0x34 ./Drivers/STM32F4xx_HAL_Driver/Src/stm32f4xx_hal_i2c.o
 .ARM.attributes
                0x0000058b       0x34 ./Drivers/STM32F4xx_HAL_Driver/Src/stm32f4xx_hal_rcc.o
 .ARM.attributes
                0x000005bf       0x34 ./Drivers/STM32F4xx_HAL_Driver/Src/stm32f4xx_hal_spi.o
 .ARM.attributes
                0x000005f3       0x34 ./Drivers/STM32F4xx_HAL_Driver/Src/stm32f4xx_hal_tim.o
 .ARM.attributes
                0x00000627       0x34 ./Drivers/STM32F4xx_HAL_Driver/Src/stm32f4xx_hal_tim_ex.o
 .ARM.attributes
                0x0000065b       0x34 ./Drivers/STM32F4xx_HAL_Driver/Src/stm32f4xx_hal_uart.o
 .ARM.attributes
                0x0000068f       0x34 C:/Program Files/STMicroelectronics/STM32CubeIDE/STM32CubeIDE/plugins/com.st.stm32cube.ide.mcu.externaltools.gnu-tools-for-stm32.13.3.rel1.win32_1.0.100.202509120712/tools/bin/../lib/gcc/arm-none-eabi/13.3.1/../../../../arm-none-eabi/lib/thumb/v7e-m+fp/hard\libc_nano.a(libc_a-malloc.o)
 .ARM.attributes
                0x000006c3       0x34 C:/Program Files/STMicroelectronics/STM32CubeIDE/STM32CubeIDE/plugins/com.st.stm32cube.ide.mcu.externaltools.gnu-tools-for-stm32.13.3.rel1.win32_1.0.100.202509120712/tools/bin/../lib/gcc/arm-none-eabi/13.3.1/../../../../arm-none-eabi/lib/thumb/v7e-m+fp/hard\libc_nano.a(libc_a-mallocr.o)
 .ARM.attributes
                0x000006f7       0x34 C:/Program Files/STMicroelectronics/STM32CubeIDE/STM32CubeIDE/plugins/com.st.stm32cube.ide.mcu.externaltools.gnu-tools-for-stm32.13.3.rel1.win32_1.0.100.202509120712/tools/bin/../lib/gcc/arm-none-eabi/13.3.1/../../../../arm-none-eabi/lib/thumb/v7e-m+fp/hard\libc_nano.a(libc_a-mlock.o)
 .ARM.attributes
                0x0000072b       0x34 C:/Program Files/STMicroelectronics/STM32CubeIDE/STM32CubeIDE/plugins/com.st.stm32cube.ide.mcu.externaltools.gnu-tools-for-stm32.13.3.rel1.win32_1.0.100.202509120712/tools/bin/../lib/gcc/arm-none-eabi/13.3.1/../../../../arm-none-eabi/lib/thumb/v7e-m+fp/hard\libc_nano.a(libc_a-findfp.o)
 .ARM.attributes
                0x0000075f       0x34 C:/Program Files/STMicroelectronics/STM32CubeIDE/STM32CubeIDE/plugins/com.st.stm32cube.ide.mcu.externaltools.gnu-tools-for-stm32.13.3.rel1.win32_1.0.100.202509120712/tools/bin/../lib/gcc/arm-none-eabi/13.3.1/../../../../arm-none-eabi/lib/thumb/v7e-m+fp/hard\libc_nano.a(libc_a-snprintf.o)
 .ARM.attributes
                0x00000793       0x34 C:/Program Files/STMicroelectronics/STM32CubeIDE/STM32CubeIDE/plugins/com.st.stm32cube.ide.mcu.externaltools.gnu-tools-for-stm32.13.3.rel1.win32_1.0.100.202509120712/tools/bin/../lib/gcc/arm-none-eabi/13.3.1/../../../../arm-none-eabi/lib/thumb/v7e-m+fp/hard\libc_nano.a(libc_a-memset.o)
 .ARM.attributes
                0x000007c7       0x34 C:/Program Files/STMicroelectronics/STM32CubeIDE/STM32CubeIDE/plugins/com.st.stm32cube.ide.mcu.externaltools.gnu-tools-for-stm32.13.3.rel1.win32_1.0.100.202509120712/tools/bin/../lib/gcc/arm-none-eabi/13.3.1/../../../../arm-none-eabi/lib/thumb/v7e-m+fp/hard\libc_nano.a(libc_a-reent.o)
 .ARM.attributes
                0x000007fb       0x34 C:/Program Files/STMicroelectronics/STM32CubeIDE/STM32CubeIDE/plugins/com.st.stm32cube.ide.mcu.externaltools.gnu-tools-for-stm32.13.3.rel1.win32_1.0.100.202509120712/tools/bin/../lib/gcc/arm-none-eabi/13.3.1/../../../../arm-none-eabi/lib/thumb/v7e-m+fp/hard\libc_nano.a(libc_a-impure.o)
 .ARM.attributes
                0x0000082f       0x34 C:/Program Files/STMicroelectronics/STM32CubeIDE/STM32CubeIDE/plugins/com.st.stm32cube.ide.mcu.externaltools.gnu-tools-for-stm32.13.3.rel1.win32_1.0.100.202509120712/tools/bin/../lib/gcc/arm-none-eabi/13.3.1/../../../../arm-none-eabi/lib/thumb/v7e-m+fp/hard\libc_nano.a(libc_a-sbrkr.o)
 .ARM.attributes
                0x00000863       0x34 C:/Program Files/STMicroelectronics/STM32CubeIDE/STM32CubeIDE/plugins/com.st.stm32cube.ide.mcu.externaltools.gnu-tools-for-stm32.13.3.rel1.win32_1.0.100.202509120712/tools/bin/../lib/gcc/arm-none-eabi/13.3.1/../../../../arm-none-eabi/lib/thumb/v7e-m+fp/hard\libc_nano.a(libc_a-errno.o)
 .ARM.attributes
                0x00000897       0x34 C:/Program Files/STMicroelectronics/STM32CubeIDE/STM32CubeIDE/plugins/com.st.stm32cube.ide.mcu.externaltools.gnu-tools-for-stm32.13.3.rel1.win32_1.0.100.202509120712/tools/bin/../lib/gcc/arm-none-eabi/13.3.1/../../../../arm-none-eabi/lib/thumb/v7e-m+fp/hard\libc_nano.a(libc_a-init.o)
 .ARM.attributes
                0x000008cb       0x34 C:/Program Files/STMicroelectronics/STM32CubeIDE/STM32CubeIDE/plugins/com.st.stm32cube.ide.mcu.externaltools.gnu-tools-for-stm32.13.3.rel1.win32_1.0.100.202509120712/tools/bin/../lib/gcc/arm-none-eabi/13.3.1/../../../../arm-none-eabi/lib/thumb/v7e-m+fp/hard\libc_nano.a(libc_a-lock.o)
 .ARM.attributes