../Core/Src/main.c:465:6:SystemClock_Config	88	static,ignoring_inline_asm
../Core/Src/main.c:509:6:HAL_ADC_ConvCpltCallback	24	static
../Core/Src/main.c:585:6:HAL_TIM_PWM_PulseFinishedCallback	0	static
../Core/Src/main.c:631:6:TIMers_Init	24	static
../Core/Src/main.c:690:6:TIMers_Update	0	static
../Core/Src/main.c:722:6:PID_REG_IRON	8	static
../Core/Src/main.c:767:6:PID_REG_HOTAIR	8	static
../Core/Src/main.c:598:6:HAL_TIM_PeriodElapsedCallback	8	static
../Core/Src/main.c:852:6:Check_Protection	16	static
../Core/Src/main.c:895:6:Check_Sleep	12	static
../Core/Src/main.c:1008:6:Check_Tools_Change	8	static
../Core/Src/main.c:1122:6:ST7735_prepareFrame	16	static
../Core/Src/main.c:1139:6:ST7735_prepareBotMenu_v0	24	static
../Core/Src/main.c:1152:6:ST7735_prepareBotMenu_v1	24	static
../Core/Src/main.c:1165:6:ST7735_prepareBotMenu_v2	32	static
../Core/Src/main.c:1181:6:ST7735_prepareMenu_0	40	static
../Core/Src/main.c:1213:6:ST7735_prepareMenu_1	48	static
../Core/Src/main.c:1244:6:ST7735_prepareMenu_3	56	static
../Core/Src/main.c:1262:6:ST7735_prepareMenu_5	40	static
../Core/Src/main.c:1291:6:ST7735_showMenu_0	40	static
../Core/Src/main.c:1986:6:ST7735_showBar	40	static
../Core/Src/main.c:2006:6:EEPROM_Init	0	static
../Core/Src/main.c:2016:6:EEPROM_Show	4200	static
../Core/Src/main.c:2068:6:EEPROM_Read_All	32	static
../Core/Src/main.c:2169:6:EEPROM_Write_All	24	static
../Core/Src/main.c:2217:6:EEPROM_RESET	24	static
../Core/Src/main.c:2229:6:Button_React	8	static
../Core/Src/main.c:2790:6:encoder_uploader	16	static
../Core/Src/main.c:1396:6:ST7735_showMenu_1	64	static
../Core/Src/main.c:1581:6:ST7735_showMenu_2_p2	48	static
../Core/Src/main.c:1688:6:ST7735_showMenu_2_p3	40	static
../Core/Src/main.c:1557:6:ST7735_showMenu_2_p1	24	static
../Core/Src/main.c:1781:6:ST7735_showMenu_3	64	static
../Core/Src/main.c:1865:6:ST7735_showMenu_5_p2	48	static
../Core/Src/main.c:1825:6:ST7735_showMenu_5_p1	56	static
../Core/Src/main.c:1029:6:ST7735_Update	32	static
../Core/Src/main.c:2807:7:get_K	0	static
../Core/Src/main.c:2814:10:approximateT	8	static
../Core/Src/main.c:2821:7:get_NTC_T	8	static
../Core/Src/main.c:796:6:ADC_Work	32	static
../Core/Src/main.c:355:5:main	16	static
../Core/Src/main.c:2851:6:Error_Handler	0	static,ignoring_inline_asm
