../Core/Src/main.c:464:6:SystemClock_Config	88	static,ignoring_inline_asm
../Core/Src/main.c:508:6:HAL_ADC_ConvCpltCallback	24	static
../Core/Src/main.c:550:6:HAL_TIM_PWM_PulseFinishedCallback	8	static
../Core/Src/main.c:595:6:TIMers_Init	24	static
../Core/Src/main.c:654:6:TIMers_Update	0	static
../Core/Src/main.c:687:6:PID_REG_IRON	8	static
../Core/Src/main.c:735:6:PID_REG_HOTAIR	8	static
../Core/Src/main.c:562:6:HAL_TIM_PeriodElapsedCallback	8	static
../Core/Src/main.c:850:6:Check_Protection	8	static
../Core/Src/main.c:864:6:Check_Sleep	20	static
../Core/Src/main.c:1114:6:Check_Tools_Change	8	static
../Core/Src/main.c:1228:6:ST7735_prepareFrame	16	static
../Core/Src/main.c:1245:6:ST7735_prepareBotMenu_v0	24	static
../Core/Src/main.c:1258:6:ST7735_prepareBotMenu_v1	24	static
../Core/Src/main.c:1271:6:ST7735_prepareBotMenu_v2	32	static
../Core/Src/main.c:1287:6:ST7735_prepareMenu_0	40	static
../Core/Src/main.c:1319:6:ST7735_prepareMenu_1	48	static
../Core/Src/main.c:1350:6:ST7735_prepareMenu_3	56	static
../Core/Src/main.c:1368:6:ST7735_prepareMenu_5	40	static
../Core/Src/main.c:1397:6:ST7735_showMenu_0	40	static
../Core/Src/main.c:2070:6:ST7735_showBar	40	static
../Core/Src/main.c:2090:6:EEPROM_Init	0	static
../Core/Src/main.c:2100:6:EEPROM_Show	4200	static
../Core/Src/main.c:2152:6:EEPROM_Read_All	32	static
../Core/Src/main.c:2242:6:EEPROM_Write_All	24	static
../Core/Src/main.c:2292:6:EEPROM_RESET	24	static
../Core/Src/main.c:2304:6:Button_React	8	static
../Core/Src/main.c:2856:6:encoder_uploader	16	static
../Core/Src/main.c:1502:6:ST7735_showMenu_1	64	static
../Core/Src/main.c:1664:6:ST7735_showMenu_2_p2	48	static
../Core/Src/main.c:1771:6:ST7735_showMenu_2_p3	40	static
../Core/Src/main.c:1640:6:ST7735_showMenu_2_p1	24	static
../Core/Src/main.c:1864:6:ST7735_showMenu_3	64	static
../Core/Src/main.c:1948:6:ST7735_showMenu_5_p2	48	static
../Core/Src/main.c:1908:6:ST7735_showMenu_5_p1	56	static
../Core/Src/main.c:1135:6:ST7735_Update	32	static
../Core/Src/main.c:2873:7:get_K	0	static
../Core/Src/main.c:2880:10:approximateT	8	static
../Core/Src/main.c:2887:7:get_NTC_T	8	static
../Core/Src/main.c:766:6:ADC_Work	32	static
../Core/Src/main.c:354:5:main	16	static
../Core/Src/main.c:2917:6:Error_Handler	0	static,ignoring_inline_asm
