../Core/Src/main.c:465:6:SystemClock_Config	3
../Core/Src/main.c:509:6:HAL_ADC_ConvCpltCallback	8
../Core/Src/main.c:585:6:HAL_TIM_PWM_PulseFinishedCallback	3
../Core/Src/main.c:631:6:TIMers_Init	1
../Core/Src/main.c:690:6:TIMers_Update	4
../Core/Src/main.c:722:6:PID_REG_IRON	6
../Core/Src/main.c:767:6:PID_REG_HOTAIR	3
../Core/Src/main.c:598:6:HAL_TIM_PeriodElapsedCallback	5
../Core/Src/main.c:852:6:Check_Protection	13
../Core/Src/main.c:895:6:Check_Sleep	24
../Core/Src/main.c:1008:6:Check_Tools_Change	3
../Core/Src/main.c:1122:6:ST7735_prepareFrame	3
../Core/Src/main.c:1139:6:ST7735_prepareBotMenu_v0	2
../Core/Src/main.c:1152:6:ST7735_prepareBotMenu_v1	2
../Core/Src/main.c:1165:6:ST7735_prepareBotMenu_v2	2
../Core/Src/main.c:1181:6:ST7735_prepareMenu_0	1
../Core/Src/main.c:1213:6:ST7735_prepareMenu_1	2
../Core/Src/main.c:1244:6:ST7735_prepareMenu_3	2
../Core/Src/main.c:1262:6:ST7735_prepareMenu_5	1
../Core/Src/main.c:1291:6:ST7735_showMenu_0	9
../Core/Src/main.c:1986:6:ST7735_showBar	4
../Core/Src/main.c:2006:6:EEPROM_Init	1
../Core/Src/main.c:2016:6:EEPROM_Show	5
../Core/Src/main.c:2068:6:EEPROM_Read_All	14
../Core/Src/main.c:2169:6:EEPROM_Write_All	8
../Core/Src/main.c:2217:6:EEPROM_RESET	2
../Core/Src/main.c:2229:6:Button_React	74
../Core/Src/main.c:2790:6:encoder_uploader	4
../Core/Src/main.c:1396:6:ST7735_showMenu_1	15
../Core/Src/main.c:1581:6:ST7735_showMenu_2_p2	19
../Core/Src/main.c:1688:6:ST7735_showMenu_2_p3	18
../Core/Src/main.c:1557:6:ST7735_showMenu_2_p1	4
../Core/Src/main.c:1781:6:ST7735_showMenu_3	8
../Core/Src/main.c:1865:6:ST7735_showMenu_5_p2	18
../Core/Src/main.c:1825:6:ST7735_showMenu_5_p1	8
../Core/Src/main.c:1029:6:ST7735_Update	15
../Core/Src/main.c:2807:7:get_K	1
../Core/Src/main.c:2814:10:approximateT	1
../Core/Src/main.c:2821:7:get_NTC_T	5
../Core/Src/main.c:796:6:ADC_Work	8
../Core/Src/main.c:355:5:main	3
../Core/Src/main.c:2851:6:Error_Handler	1
